train_rolling: models=['MASTER', 'MATCC', 'HIST', 'DiscoverPLF', 'FinFormer'] universes=['dji', 'nasdaq100', 'sx5e'] years=[2020, 2021, 2022, 2023, 2024] seeds=[0, 5] T=20 L=5 clean=True
[1/150]
MASTER dji y2020 seed 0 (T=20, L=5, clean=True) on cuda: MASTER (base_model.py fit): stop after the first epoch whose training loss is at most train_stop_loss_thred, keep the last weights
  days: {'train': 982, 'valid': 252, 'test': 253}
  epoch   0  train loss 1.0537  valid IC +0.0167  RankIC +0.0170  (9s)
  epoch   1  train loss 1.0066  valid IC +0.0145  RankIC +0.0179  (10s)
  epoch   2  train loss 0.9871  valid IC -0.0037  RankIC -0.0056  (10s)
  epoch   3  train loss 0.9679  valid IC -0.0130  RankIC -0.0200  (10s)
  epoch   4  train loss 0.9611  valid IC -0.0153  RankIC -0.0217  (10s)
  epoch   5  train loss 0.9511  valid IC -0.0212  RankIC -0.0293  (10s)
  epoch   6  train loss 0.9437  valid IC -0.0170  RankIC -0.0194  (10s)
  kept epoch 6 of 7; test IC +0.0079 RankIC +0.0158 MSE 0.9877 (72s) -> D:\CodeProjects\master-thesis\code\results\Regression\MASTER\dji\sl20_pl5\seed0\y2020
[2/150]
MASTER dji y2020 seed 5 (T=20, L=5, clean=True) on cuda: MASTER (base_model.py fit): stop after the first epoch whose training loss is at most train_stop_loss_thred, keep the last weights
  days: {'train': 982, 'valid': 252, 'test': 253}
  epoch   0  train loss 1.0828  valid IC +0.0209  RankIC +0.0132  (10s)
  epoch   1  train loss 1.0144  valid IC +0.0097  RankIC +0.0019  (10s)
  epoch   2  train loss 0.9960  valid IC +0.0210  RankIC +0.0123  (10s)
  epoch   3  train loss 0.9742  valid IC +0.0069  RankIC -0.0077  (10s)
  epoch   4  train loss 0.9650  valid IC -0.0009  RankIC -0.0061  (9s)
  epoch   5  train loss 0.9580  valid IC +0.0016  RankIC -0.0039  (9s)
  epoch   6  train loss 0.9511  valid IC -0.0004  RankIC -0.0057  (9s)
  epoch   7  train loss 0.9406  valid IC +0.0010  RankIC -0.0039  (10s)
  kept epoch 7 of 8; test IC +0.0179 RankIC +0.0209 MSE 0.9798 (82s) -> D:\CodeProjects\master-thesis\code\results\Regression\MASTER\dji\sl20_pl5\seed5\y2020
[3/150]
MASTER dji y2021 seed 0 (T=20, L=5, clean=True) on cuda: MASTER (base_model.py fit): stop after the first epoch whose training loss is at most train_stop_loss_thred, keep the last weights
  days: {'train': 982, 'valid': 253, 'test': 252}
  epoch   0  train loss 1.0587  valid IC +0.0010  RankIC -0.0077  (10s)
  epoch   1  train loss 1.0028  valid IC +0.0065  RankIC -0.0003  (10s)
  epoch   2  train loss 0.9839  valid IC +0.0089  RankIC +0.0035  (10s)
  epoch   3  train loss 0.9706  valid IC +0.0028  RankIC +0.0067  (10s)
  epoch   4  train loss 0.9608  valid IC +0.0070  RankIC +0.0130  (10s)
  epoch   5  train loss 0.9495  valid IC +0.0056  RankIC +0.0091  (10s)
  kept epoch 5 of 6; test IC +0.0473 RankIC +0.0485 MSE 0.9688 (63s) -> D:\CodeProjects\master-thesis\code\results\Regression\MASTER\dji\sl20_pl5\seed0\y2021
[4/150]
MASTER dji y2021 seed 5 (T=20, L=5, clean=True) on cuda: MASTER (base_model.py fit): stop after the first epoch whose training loss is at most train_stop_loss_thred, keep the last weights
  days: {'train': 982, 'valid': 253, 'test': 252}
  epoch   0  train loss 1.0867  valid IC +0.0038  RankIC -0.0056  (10s)
  epoch   1  train loss 1.0176  valid IC +0.0157  RankIC +0.0084  (10s)
  epoch   2  train loss 0.9915  valid IC +0.0338  RankIC +0.0322  (9s)
  epoch   3  train loss 0.9757  valid IC +0.0275  RankIC +0.0279  (9s)
  epoch   4  train loss 0.9642  valid IC +0.0258  RankIC +0.0312  (9s)
  epoch   5  train loss 0.9514  valid IC +0.0334  RankIC +0.0326  (10s)
  epoch   6  train loss 0.9445  valid IC +0.0281  RankIC +0.0307  (10s)
  kept epoch 6 of 7; test IC +0.0259 RankIC +0.0206 MSE 0.9751 (72s) -> D:\CodeProjects\master-thesis\code\results\Regression\MASTER\dji\sl20_pl5\seed5\y2021
[5/150]
MASTER dji y2022 seed 0 (T=20, L=5, clean=True) on cuda: MASTER (base_model.py fit): stop after the first epoch whose training loss is at most train_stop_loss_thred, keep the last weights
  days: {'train': 983, 'valid': 252, 'test': 251}
  epoch   0  train loss 1.0540  valid IC +0.0162  RankIC +0.0196  (10s)
  epoch   1  train loss 1.0075  valid IC +0.0108  RankIC +0.0145  (10s)
  epoch   2  train loss 0.9852  valid IC +0.0228  RankIC +0.0220  (10s)
  epoch   3  train loss 0.9705  valid IC +0.0320  RankIC +0.0360  (10s)
  epoch   4  train loss 0.9581  valid IC +0.0301  RankIC +0.0330  (10s)
  epoch   5  train loss 0.9515  valid IC +0.0343  RankIC +0.0403  (10s)
  epoch   6  train loss 0.9413  valid IC +0.0336  RankIC +0.0400  (10s)
  kept epoch 6 of 7; test IC -0.0311 RankIC -0.0235 MSE 0.9926 (73s) -> D:\CodeProjects\master-thesis\code\results\Regression\MASTER\dji\sl20_pl5\seed0\y2022
[6/150]
MASTER dji y2022 seed 5 (T=20, L=5, clean=True) on cuda: MASTER (base_model.py fit): stop after the first epoch whose training loss is at most train_stop_loss_thred, keep the last weights
  days: {'train': 983, 'valid': 252, 'test': 251}
  epoch   0  train loss 1.0893  valid IC +0.0257  RankIC +0.0205  (10s)
  epoch   1  train loss 1.0209  valid IC +0.0071  RankIC +0.0028  (9s)
  epoch   2  train loss 0.9891  valid IC +0.0117  RankIC +0.0056  (9s)
  epoch   3  train loss 0.9757  valid IC +0.0201  RankIC +0.0153  (9s)
  epoch   4  train loss 0.9636  valid IC +0.0075  RankIC -0.0002  (10s)
  epoch   5  train loss 0.9534  valid IC +0.0124  RankIC +0.0036  (10s)
  epoch   6  train loss 0.9480  valid IC +0.0107  RankIC +0.0032  (10s)
  kept epoch 6 of 7; test IC -0.0261 RankIC -0.0228 MSE 0.9901 (72s) -> D:\CodeProjects\master-thesis\code\results\Regression\MASTER\dji\sl20_pl5\seed5\y2022
[7/150]
MASTER dji y2023 seed 0 (T=20, L=5, clean=True) on cuda: MASTER (base_model.py fit): stop after the first epoch whose training loss is at most train_stop_loss_thred, keep the last weights
  days: {'train': 984, 'valid': 251, 'test': 250}
  epoch   0  train loss 1.0515  valid IC -0.0546  RankIC -0.0457  (10s)
  epoch   1  train loss 1.0095  valid IC -0.0673  RankIC -0.0590  (10s)
  epoch   2  train loss 0.9843  valid IC -0.0683  RankIC -0.0651  (10s)
  epoch   3  train loss 0.9750  valid IC -0.0540  RankIC -0.0504  (10s)
  epoch   4  train loss 0.9603  valid IC -0.0446  RankIC -0.0461  (10s)
  epoch   5  train loss 0.9491  valid IC -0.0469  RankIC -0.0468  (10s)
  kept epoch 5 of 6; test IC +0.0476 RankIC +0.0273 MSE 0.9723 (64s) -> D:\CodeProjects\master-thesis\code\results\Regression\MASTER\dji\sl20_pl5\seed0\y2023
[8/150]
MASTER dji y2023 seed 5 (T=20, L=5, clean=True) on cuda: MASTER (base_model.py fit): stop after the first epoch whose training loss is at most train_stop_loss_thred, keep the last weights
  days: {'train': 984, 'valid': 251, 'test': 250}
  epoch   0  train loss 1.0865  valid IC -0.0371  RankIC -0.0380  (10s)
  epoch   1  train loss 1.0139  valid IC -0.0326  RankIC -0.0343  (9s)
  epoch   2  train loss 0.9894  valid IC -0.0309  RankIC -0.0242  (9s)
  epoch   3  train loss 0.9767  valid IC -0.0303  RankIC -0.0298  (9s)
  epoch   4  train loss 0.9612  valid IC -0.0267  RankIC -0.0250  (10s)
  epoch   5  train loss 0.9521  valid IC -0.0291  RankIC -0.0245  (10s)
  epoch   6  train loss 0.9440  valid IC -0.0309  RankIC -0.0309  (10s)
  kept epoch 6 of 7; test IC +0.0598 RankIC +0.0473 MSE 0.9708 (72s) -> D:\CodeProjects\master-thesis\code\results\Regression\MASTER\dji\sl20_pl5\seed5\y2023
[9/150]
MASTER dji y2024 seed 0 (T=20, L=5, clean=True) on cuda: MASTER (base_model.py fit): stop after the first epoch whose training loss is at most train_stop_loss_thred, keep the last weights
  days: {'train': 984, 'valid': 250, 'test': 252}
  epoch   0  train loss 1.0568  valid IC +0.0255  RankIC +0.0126  (10s)
  epoch   1  train loss 1.0103  valid IC +0.0193  RankIC +0.0127  (10s)
  epoch   2  train loss 0.9908  valid IC +0.0100  RankIC +0.0085  (10s)
  epoch   3  train loss 0.9786  valid IC +0.0209  RankIC +0.0212  (10s)
  epoch   4  train loss 0.9661  valid IC -0.0025  RankIC -0.0057  (10s)
  epoch   5  train loss 0.9533  valid IC -0.0036  RankIC -0.0109  (10s)
  epoch   6  train loss 0.9454  valid IC +0.0092  RankIC -0.0003  (10s)
  kept epoch 6 of 7; test IC +0.0246 RankIC +0.0276 MSE 0.9758 (72s) -> D:\CodeProjects\master-thesis\code\results\Regression\MASTER\dji\sl20_pl5\seed0\y2024
[10/150]
MASTER dji y2024 seed 5 (T=20, L=5, clean=True) on cuda: MASTER (base_model.py fit): stop after the first epoch whose training loss is at most train_stop_loss_thred, keep the last weights
  days: {'train': 984, 'valid': 250, 'test': 252}
  epoch   0  train loss 1.0932  valid IC -0.0055  RankIC -0.0179  (9s)
  epoch   1  train loss 1.0181  valid IC -0.0001  RankIC -0.0123  (9s)
  epoch   2  train loss 0.9957  valid IC -0.0194  RankIC -0.0239  (10s)
  epoch   3  train loss 0.9786  valid IC -0.0262  RankIC -0.0321  (10s)
  epoch   4  train loss 0.9660  valid IC +0.0030  RankIC -0.0056  (10s)
  epoch   5  train loss 0.9562  valid IC +0.0060  RankIC -0.0029  (10s)
  epoch   6  train loss 0.9500  valid IC +0.0086  RankIC +0.0012  (10s)
  epoch   7  train loss 0.9406  valid IC +0.0037  RankIC -0.0031  (10s)
  kept epoch 7 of 8; test IC -0.0133 RankIC -0.0039 MSE 0.9853 (81s) -> D:\CodeProjects\master-thesis\code\results\Regression\MASTER\dji\sl20_pl5\seed5\y2024
[11/150]
MASTER nasdaq100 y2020 seed 0 (T=20, L=5, clean=True) on cuda: MASTER (base_model.py fit): stop after the first epoch whose training loss is at most train_stop_loss_thred, keep the last weights
  days: {'train': 982, 'valid': 252, 'test': 253}
  epoch   0  train loss 1.0665  valid IC +0.0382  RankIC +0.0331  (10s)
  epoch   1  train loss 1.0215  valid IC +0.0384  RankIC +0.0314  (10s)
  epoch   2  train loss 1.0067  valid IC +0.0274  RankIC +0.0241  (10s)
  epoch   3  train loss 0.9960  valid IC +0.0190  RankIC +0.0192  (10s)
  epoch   4  train loss 0.9899  valid IC +0.0220  RankIC +0.0236  (10s)
  epoch   5  train loss 0.9846  valid IC +0.0197  RankIC +0.0160  (10s)
  epoch   6  train loss 0.9810  valid IC +0.0257  RankIC +0.0205  (10s)
  epoch   7  train loss 0.9793  valid IC +0.0210  RankIC +0.0179  (10s)
  epoch   8  train loss 0.9745  valid IC +0.0289  RankIC +0.0240  (10s)
  epoch   9  train loss 0.9712  valid IC +0.0241  RankIC +0.0188  (10s)
  epoch  10  train loss 0.9687  valid IC +0.0223  RankIC +0.0200  (10s)
  epoch  11  train loss 0.9648  valid IC +0.0218  RankIC +0.0181  (10s)
  epoch  12  train loss 0.9614  valid IC +0.0179  RankIC +0.0133  (10s)
  epoch  13  train loss 0.9578  valid IC +0.0155  RankIC +0.0100  (10s)
  epoch  14  train loss 0.9539  valid IC +0.0249  RankIC +0.0162  (10s)
  epoch  15  train loss 0.9518  valid IC +0.0148  RankIC +0.0096  (10s)
  epoch  16  train loss 0.9471  valid IC +0.0086  RankIC +0.0070  (10s)
  kept epoch 16 of 17; test IC +0.0233 RankIC +0.0274 MSE 1.0088 (193s) -> D:\CodeProjects\master-thesis\code\results\Regression\MASTER\nasdaq100\sl20_pl5\seed0\y2020
[12/150]
MASTER nasdaq100 y2020 seed 5 (T=20, L=5, clean=True) on cuda: MASTER (base_model.py fit): stop after the first epoch whose training loss is at most train_stop_loss_thred, keep the last weights
  days: {'train': 982, 'valid': 252, 'test': 253}
  epoch   0  train loss 1.0913  valid IC +0.0405  RankIC +0.0400  (10s)
  epoch   1  train loss 1.0277  valid IC +0.0344  RankIC +0.0347  (10s)
  epoch   2  train loss 1.0069  valid IC +0.0451  RankIC +0.0404  (10s)
  epoch   3  train loss 0.9970  valid IC +0.0484  RankIC +0.0450  (10s)
  epoch   4  train loss 0.9897  valid IC +0.0330  RankIC +0.0332  (10s)
  epoch   5  train loss 0.9861  valid IC +0.0431  RankIC +0.0398  (10s)
  epoch   6  train loss 0.9819  valid IC +0.0455  RankIC +0.0443  (10s)
  epoch   7  train loss 0.9780  valid IC +0.0420  RankIC +0.0391  (10s)
  epoch   8  train loss 0.9751  valid IC +0.0370  RankIC +0.0320  (10s)
  epoch   9  train loss 0.9724  valid IC +0.0426  RankIC +0.0344  (10s)
  epoch  10  train loss 0.9683  valid IC +0.0392  RankIC +0.0315  (10s)
  epoch  11  train loss 0.9657  valid IC +0.0293  RankIC +0.0240  (10s)
  epoch  12  train loss 0.9630  valid IC +0.0242  RankIC +0.0187  (10s)
  epoch  13  train loss 0.9589  valid IC +0.0312  RankIC +0.0229  (10s)
  epoch  14  train loss 0.9562  valid IC +0.0241  RankIC +0.0176  (10s)
  epoch  15  train loss 0.9522  valid IC +0.0199  RankIC +0.0147  (10s)
  epoch  16  train loss 0.9494  valid IC +0.0171  RankIC +0.0130  (10s)
  kept epoch 16 of 17; test IC +0.0142 RankIC +0.0152 MSE 1.0123 (193s) -> D:\CodeProjects\master-thesis\code\results\Regression\MASTER\nasdaq100\sl20_pl5\seed5\y2020
[13/150]
MASTER nasdaq100 y2021 seed 0 (T=20, L=5, clean=True) on cuda: MASTER (base_model.py fit): stop after the first epoch whose training loss is at most train_stop_loss_thred, keep the last weights
  days: {'train': 982, 'valid': 253, 'test': 252}
  epoch   0  train loss 1.0701  valid IC +0.0151  RankIC +0.0154  (10s)
  epoch   1  train loss 1.0238  valid IC +0.0368  RankIC +0.0289  (10s)
  epoch   2  train loss 1.0016  valid IC +0.0442  RankIC +0.0399  (10s)
  epoch   3  train loss 0.9928  valid IC +0.0481  RankIC +0.0435  (10s)
  epoch   4  train loss 0.9878  valid IC +0.0590  RankIC +0.0520  (10s)
  epoch   5  train loss 0.9830  valid IC +0.0617  RankIC +0.0539  (10s)
  epoch   6  train loss 0.9801  valid IC +0.0696  RankIC +0.0567  (10s)
  epoch   7  train loss 0.9764  valid IC +0.0668  RankIC +0.0590  (10s)
  epoch   8  train loss 0.9722  valid IC +0.0824  RankIC +0.0673  (10s)
  epoch   9  train loss 0.9695  valid IC +0.0672  RankIC +0.0619  (10s)
  epoch  10  train loss 0.9668  valid IC +0.0739  RankIC +0.0665  (10s)
  epoch  11  train loss 0.9626  valid IC +0.0713  RankIC +0.0646  (10s)
  epoch  12  train loss 0.9577  valid IC +0.0646  RankIC +0.0620  (10s)
  epoch  13  train loss 0.9557  valid IC +0.0759  RankIC +0.0630  (10s)
  epoch  14  train loss 0.9518  valid IC +0.0774  RankIC +0.0672  (10s)
  epoch  15  train loss 0.9461  valid IC +0.0749  RankIC +0.0671  (11s)
  kept epoch 15 of 16; test IC -0.0059 RankIC -0.0022 MSE 1.0168 (182s) -> D:\CodeProjects\master-thesis\code\results\Regression\MASTER\nasdaq100\sl20_pl5\seed0\y2021
[14/150]
MASTER nasdaq100 y2021 seed 5 (T=20, L=5, clean=True) on cuda: MASTER (base_model.py fit): stop after the first epoch whose training loss is at most train_stop_loss_thred, keep the last weights
  days: {'train': 982, 'valid': 253, 'test': 252}
  epoch   0  train loss 1.0947  valid IC +0.0226  RankIC +0.0221  (10s)
  epoch   1  train loss 1.0274  valid IC +0.0557  RankIC +0.0446  (10s)
  epoch   2  train loss 1.0059  valid IC +0.0489  RankIC +0.0395  (10s)
  epoch   3  train loss 0.9947  valid IC +0.0557  RankIC +0.0465  (10s)
  epoch   4  train loss 0.9885  valid IC +0.0364  RankIC +0.0311  (10s)
  epoch   5  train loss 0.9838  valid IC +0.0435  RankIC +0.0373  (10s)
  epoch   6  train loss 0.9795  valid IC +0.0499  RankIC +0.0433  (10s)
  epoch   7  train loss 0.9762  valid IC +0.0558  RankIC +0.0389  (10s)
  epoch   8  train loss 0.9719  valid IC +0.0521  RankIC +0.0395  (10s)
  epoch   9  train loss 0.9693  valid IC +0.0431  RankIC +0.0296  (10s)
  epoch  10  train loss 0.9657  valid IC +0.0427  RankIC +0.0302  (10s)
  epoch  11  train loss 0.9618  valid IC +0.0369  RankIC +0.0277  (10s)
  epoch  12  train loss 0.9583  valid IC +0.0306  RankIC +0.0238  (10s)
  epoch  13  train loss 0.9548  valid IC +0.0325  RankIC +0.0250  (10s)
  epoch  14  train loss 0.9517  valid IC +0.0358  RankIC +0.0255  (10s)
  epoch  15  train loss 0.9469  valid IC +0.0373  RankIC +0.0290  (10s)
  kept epoch 15 of 16; test IC +0.0085 RankIC +0.0070 MSE 1.0112 (182s) -> D:\CodeProjects\master-thesis\code\results\Regression\MASTER\nasdaq100\sl20_pl5\seed5\y2021
[15/150]
MASTER nasdaq100 y2022 seed 0 (T=20, L=5, clean=True) on cuda: MASTER (base_model.py fit): stop after the first epoch whose training loss is at most train_stop_loss_thred, keep the last weights
  days: {'train': 983, 'valid': 252, 'test': 251}
  epoch   0  train loss 1.0686  valid IC -0.0196  RankIC +0.0052  (10s)
  epoch   1  train loss 1.0212  valid IC -0.0098  RankIC +0.0116  (10s)
  epoch   2  train loss 1.0020  valid IC -0.0236  RankIC +0.0017  (10s)
  epoch   3  train loss 0.9923  valid IC -0.0226  RankIC -0.0000  (10s)
  epoch   4  train loss 0.9859  valid IC -0.0181  RankIC +0.0029  (10s)
  epoch   5  train loss 0.9820  valid IC -0.0164  RankIC +0.0011  (10s)
  epoch   6  train loss 0.9770  valid IC -0.0151  RankIC +0.0058  (10s)
  epoch   7  train loss 0.9745  valid IC -0.0228  RankIC +0.0014  (10s)
  epoch   8  train loss 0.9708  valid IC -0.0183  RankIC +0.0008  (10s)
  epoch   9  train loss 0.9674  valid IC -0.0149  RankIC +0.0053  (10s)
  epoch  10  train loss 0.9635  valid IC -0.0143  RankIC +0.0064  (10s)
  epoch  11  train loss 0.9591  valid IC -0.0127  RankIC +0.0059  (10s)
  epoch  12  train loss 0.9548  valid IC -0.0084  RankIC +0.0107  (10s)
  epoch  13  train loss 0.9522  valid IC -0.0141  RankIC +0.0004  (10s)
  epoch  14  train loss 0.9476  valid IC -0.0165  RankIC -0.0014  (10s)
  kept epoch 14 of 15; test IC -0.0035 RankIC -0.0082 MSE 1.0290 (172s) -> D:\CodeProjects\master-thesis\code\results\Regression\MASTER\nasdaq100\sl20_pl5\seed0\y2022
[16/150]
MASTER nasdaq100 y2022 seed 5 (T=20, L=5, clean=True) on cuda: MASTER (base_model.py fit): stop after the first epoch whose training loss is at most train_stop_loss_thred, keep the last weights
  days: {'train': 983, 'valid': 252, 'test': 251}
  epoch   0  train loss 1.0960  valid IC +0.0194  RankIC +0.0219  (10s)
  epoch   1  train loss 1.0251  valid IC +0.0179  RankIC +0.0243  (10s)
  epoch   2  train loss 1.0037  valid IC +0.0102  RankIC +0.0147  (10s)
  epoch   3  train loss 0.9943  valid IC +0.0144  RankIC +0.0148  (10s)
  epoch   4  train loss 0.9871  valid IC +0.0135  RankIC +0.0125  (10s)
  epoch   5  train loss 0.9815  valid IC +0.0109  RankIC +0.0145  (10s)
  epoch   6  train loss 0.9781  valid IC +0.0045  RankIC +0.0081  (10s)
  epoch   7  train loss 0.9736  valid IC +0.0102  RankIC +0.0162  (10s)
  epoch   8  train loss 0.9703  valid IC +0.0054  RankIC +0.0077  (10s)
  epoch   9  train loss 0.9657  valid IC +0.0053  RankIC +0.0141  (10s)
  epoch  10  train loss 0.9628  valid IC +0.0074  RankIC +0.0110  (10s)
  epoch  11  train loss 0.9601  valid IC +0.0143  RankIC +0.0139  (10s)
  epoch  12  train loss 0.9555  valid IC +0.0128  RankIC +0.0135  (10s)
  epoch  13  train loss 0.9509  valid IC +0.0045  RankIC +0.0058  (10s)
  epoch  14  train loss 0.9488  valid IC +0.0096  RankIC +0.0111  (10s)
  kept epoch 14 of 15; test IC -0.0131 RankIC -0.0123 MSE 1.0354 (172s) -> D:\CodeProjects\master-thesis\code\results\Regression\MASTER\nasdaq100\sl20_pl5\seed5\y2022
[17/150]
MASTER nasdaq100 y2023 seed 0 (T=20, L=5, clean=True) on cuda: MASTER (base_model.py fit): stop after the first epoch whose training loss is at most train_stop_loss_thred, keep the last weights
  days: {'train': 984, 'valid': 251, 'test': 250}
  epoch   0  train loss 1.0702  valid IC -0.0181  RankIC -0.0121  (10s)
  epoch   1  train loss 1.0231  valid IC -0.0191  RankIC -0.0138  (10s)
  epoch   2  train loss 1.0031  valid IC -0.0137  RankIC -0.0093  (10s)
  epoch   3  train loss 0.9946  valid IC -0.0252  RankIC -0.0224  (10s)
  epoch   4  train loss 0.9880  valid IC -0.0205  RankIC -0.0169  (10s)
  epoch   5  train loss 0.9834  valid IC -0.0111  RankIC -0.0052  (10s)
  epoch   6  train loss 0.9793  valid IC -0.0110  RankIC -0.0054  (10s)
  epoch   7  train loss 0.9764  valid IC -0.0145  RankIC -0.0102  (10s)
  epoch   8  train loss 0.9728  valid IC -0.0201  RankIC -0.0194  (10s)
  epoch   9  train loss 0.9689  valid IC -0.0166  RankIC -0.0165  (10s)
  epoch  10  train loss 0.9650  valid IC -0.0099  RankIC -0.0073  (10s)
  epoch  11  train loss 0.9612  valid IC -0.0099  RankIC -0.0069  (10s)
  epoch  12  train loss 0.9574  valid IC -0.0086  RankIC -0.0078  (10s)
  epoch  13  train loss 0.9533  valid IC -0.0121  RankIC -0.0112  (10s)
  epoch  14  train loss 0.9479  valid IC +0.0009  RankIC +0.0017  (10s)
  kept epoch 14 of 15; test IC +0.0103 RankIC +0.0118 MSE 1.0094 (171s) -> D:\CodeProjects\master-thesis\code\results\Regression\MASTER\nasdaq100\sl20_pl5\seed0\y2023
[18/150]
MASTER nasdaq100 y2023 seed 5 (T=20, L=5, clean=True) on cuda: MASTER (base_model.py fit): stop after the first epoch whose training loss is at most train_stop_loss_thred, keep the last weights
  days: {'train': 984, 'valid': 251, 'test': 250}
  epoch   0  train loss 1.0930  valid IC -0.0271  RankIC -0.0245  (10s)
  epoch   1  train loss 1.0254  valid IC -0.0284  RankIC -0.0263  (10s)
  epoch   2  train loss 1.0058  valid IC -0.0240  RankIC -0.0220  (10s)
  epoch   3  train loss 0.9926  valid IC -0.0269  RankIC -0.0247  (10s)
  epoch   4  train loss 0.9861  valid IC -0.0203  RankIC -0.0214  (11s)
  epoch   5  train loss 0.9810  valid IC -0.0250  RankIC -0.0248  (10s)
  epoch   6  train loss 0.9775  valid IC -0.0281  RankIC -0.0293  (10s)
  epoch   7  train loss 0.9749  valid IC -0.0113  RankIC -0.0082  (10s)
  epoch   8  train loss 0.9697  valid IC -0.0167  RankIC -0.0126  (10s)
  epoch   9  train loss 0.9670  valid IC -0.0161  RankIC -0.0133  (10s)
  epoch  10  train loss 0.9613  valid IC -0.0184  RankIC -0.0164  (10s)
  epoch  11  train loss 0.9583  valid IC -0.0094  RankIC -0.0065  (10s)
  epoch  12  train loss 0.9547  valid IC -0.0111  RankIC -0.0069  (10s)
  epoch  13  train loss 0.9506  valid IC -0.0096  RankIC -0.0032  (10s)
  epoch  14  train loss 0.9468  valid IC -0.0130  RankIC -0.0090  (10s)
  kept epoch 14 of 15; test IC +0.0237 RankIC +0.0274 MSE 1.0083 (171s) -> D:\CodeProjects\master-thesis\code\results\Regression\MASTER\nasdaq100\sl20_pl5\seed5\y2023
[19/150]
MASTER nasdaq100 y2024 seed 0 (T=20, L=5, clean=True) on cuda: MASTER (base_model.py fit): stop after the first epoch whose training loss is at most train_stop_loss_thred, keep the last weights
  days: {'train': 984, 'valid': 250, 'test': 252}
  epoch   0  train loss 1.0700  valid IC +0.0291  RankIC +0.0395  (10s)
  epoch   1  train loss 1.0251  valid IC +0.0251  RankIC +0.0365  (10s)
  epoch   2  train loss 1.0055  valid IC +0.0113  RankIC +0.0208  (10s)
  epoch   3  train loss 0.9943  valid IC +0.0083  RankIC +0.0215  (10s)
  epoch   4  train loss 0.9882  valid IC +0.0055  RankIC +0.0167  (10s)
  epoch   5  train loss 0.9824  valid IC -0.0087  RankIC +0.0036  (10s)
  epoch   6  train loss 0.9798  valid IC +0.0032  RankIC +0.0107  (10s)
  epoch   7  train loss 0.9752  valid IC -0.0084  RankIC -0.0018  (10s)
  epoch   8  train loss 0.9711  valid IC -0.0010  RankIC +0.0060  (10s)
  epoch   9  train loss 0.9669  valid IC -0.0074  RankIC -0.0005  (10s)
  epoch  10  train loss 0.9618  valid IC -0.0018  RankIC +0.0037  (10s)
  epoch  11  train loss 0.9586  valid IC -0.0020  RankIC +0.0047  (10s)
  epoch  12  train loss 0.9542  valid IC -0.0042  RankIC +0.0035  (10s)
  epoch  13  train loss 0.9496  valid IC -0.0115  RankIC -0.0030  (10s)
  kept epoch 13 of 14; test IC +0.0057 RankIC +0.0104 MSE 1.0097 (162s) -> D:\CodeProjects\master-thesis\code\results\Regression\MASTER\nasdaq100\sl20_pl5\seed0\y2024
[20/150]
MASTER nasdaq100 y2024 seed 5 (T=20, L=5, clean=True) on cuda: MASTER (base_model.py fit): stop after the first epoch whose training loss is at most train_stop_loss_thred, keep the last weights
  days: {'train': 984, 'valid': 250, 'test': 252}
  epoch   0  train loss 1.0937  valid IC +0.0069  RankIC +0.0116  (10s)
  epoch   1  train loss 1.0271  valid IC +0.0210  RankIC +0.0241  (10s)
  epoch   2  train loss 1.0065  valid IC +0.0057  RankIC +0.0126  (10s)
  epoch   3  train loss 0.9957  valid IC +0.0167  RankIC +0.0165  (10s)
  epoch   4  train loss 0.9891  valid IC +0.0216  RankIC +0.0204  (10s)
  epoch   5  train loss 0.9833  valid IC +0.0204  RankIC +0.0188  (10s)
  epoch   6  train loss 0.9796  valid IC +0.0175  RankIC +0.0146  (10s)
  epoch   7  train loss 0.9752  valid IC -0.0016  RankIC +0.0016  (10s)
  epoch   8  train loss 0.9710  valid IC +0.0203  RankIC +0.0194  (10s)
  epoch   9  train loss 0.9678  valid IC +0.0118  RankIC +0.0112  (10s)
  epoch  10  train loss 0.9634  valid IC +0.0018  RankIC +0.0038  (10s)
  epoch  11  train loss 0.9602  valid IC -0.0036  RankIC -0.0008  (10s)
  epoch  12  train loss 0.9559  valid IC +0.0073  RankIC +0.0061  (10s)
  epoch  13  train loss 0.9511  valid IC -0.0004  RankIC +0.0016  (11s)
  epoch  14  train loss 0.9466  valid IC +0.0037  RankIC +0.0055  (10s)
  kept epoch 14 of 15; test IC -0.0021 RankIC -0.0020 MSE 1.0123 (172s) -> D:\CodeProjects\master-thesis\code\results\Regression\MASTER\nasdaq100\sl20_pl5\seed5\y2024
[21/150] skipped: no sx5e index members at the start of 2020
[22/150] skipped: no sx5e index members at the start of 2020
[23/150]
MASTER sx5e y2021 seed 0 (T=20, L=5, clean=True) on cuda: MASTER (base_model.py fit): stop after the first epoch whose training loss is at most train_stop_loss_thred, keep the last weights
  days: {'train': 1001, 'valid': 258, 'test': 258}
  epoch   0  train loss 1.0815  valid IC +0.0089  RankIC +0.0040  (10s)
  epoch   1  train loss 1.0267  valid IC +0.0051  RankIC -0.0024  (10s)
  epoch   2  train loss 1.0045  valid IC +0.0118  RankIC +0.0065  (10s)
  epoch   3  train loss 0.9909  valid IC +0.0192  RankIC +0.0156  (10s)
  epoch   4  train loss 0.9799  valid IC +0.0211  RankIC +0.0142  (10s)
  epoch   5  train loss 0.9753  valid IC +0.0153  RankIC +0.0087  (10s)
  epoch   6  train loss 0.9672  valid IC +0.0248  RankIC +0.0169  (10s)
  epoch   7  train loss 0.9628  valid IC +0.0348  RankIC +0.0272  (10s)
  epoch   8  train loss 0.9569  valid IC +0.0259  RankIC +0.0180  (10s)
  epoch   9  train loss 0.9515  valid IC +0.0390  RankIC +0.0314  (10s)
  epoch  10  train loss 0.9452  valid IC +0.0471  RankIC +0.0378  (10s)
  kept epoch 10 of 11; test IC +0.0007 RankIC -0.0108 MSE 1.0023 (118s) -> D:\CodeProjects\master-thesis\code\results\Regression\MASTER\sx5e\sl20_pl5\seed0\y2021
[24/150]
MASTER sx5e y2021 seed 5 (T=20, L=5, clean=True) on cuda: MASTER (base_model.py fit): stop after the first epoch whose training loss is at most train_stop_loss_thred, keep the last weights
  days: {'train': 1001, 'valid': 258, 'test': 258}
  epoch   0  train loss 1.0727  valid IC -0.0164  RankIC -0.0228  (10s)
  epoch   1  train loss 1.0254  valid IC -0.0183  RankIC -0.0291  (10s)
  epoch   2  train loss 1.0023  valid IC -0.0154  RankIC -0.0282  (10s)
  epoch   3  train loss 0.9930  valid IC -0.0115  RankIC -0.0269  (10s)
  epoch   4  train loss 0.9811  valid IC -0.0049  RankIC -0.0189  (10s)
  epoch   5  train loss 0.9773  valid IC -0.0031  RankIC -0.0181  (10s)
  epoch   6  train loss 0.9712  valid IC -0.0036  RankIC -0.0199  (10s)
  epoch   7  train loss 0.9667  valid IC +0.0037  RankIC -0.0136  (10s)
  epoch   8  train loss 0.9606  valid IC +0.0112  RankIC -0.0041  (10s)
  epoch   9  train loss 0.9547  valid IC +0.0007  RankIC -0.0155  (10s)
  epoch  10  train loss 0.9517  valid IC +0.0042  RankIC -0.0088  (10s)
  epoch  11  train loss 0.9481  valid IC +0.0120  RankIC -0.0019  (10s)
  kept epoch 11 of 12; test IC +0.0079 RankIC +0.0080 MSE 0.9993 (128s) -> D:\CodeProjects\master-thesis\code\results\Regression\MASTER\sx5e\sl20_pl5\seed5\y2021
[25/150]
MASTER sx5e y2022 seed 0 (T=20, L=5, clean=True) on cuda: MASTER (base_model.py fit): stop after the first epoch whose training loss is at most train_stop_loss_thred, keep the last weights
  days: {'train': 1001, 'valid': 258, 'test': 257}
  epoch   0  train loss 1.0861  valid IC -0.0050  RankIC -0.0058  (10s)
  epoch   1  train loss 1.0253  valid IC +0.0011  RankIC +0.0064  (10s)
  epoch   2  train loss 1.0054  valid IC +0.0034  RankIC -0.0020  (10s)
  epoch   3  train loss 0.9911  valid IC +0.0039  RankIC +0.0066  (10s)
  epoch   4  train loss 0.9828  valid IC -0.0014  RankIC -0.0047  (10s)
  epoch   5  train loss 0.9740  valid IC -0.0025  RankIC -0.0057  (10s)
  epoch   6  train loss 0.9651  valid IC +0.0044  RankIC -0.0004  (10s)
  epoch   7  train loss 0.9591  valid IC +0.0056  RankIC +0.0048  (10s)
  epoch   8  train loss 0.9540  valid IC +0.0044  RankIC -0.0001  (10s)
  epoch   9  train loss 0.9475  valid IC +0.0033  RankIC +0.0012  (10s)
  kept epoch 9 of 10; test IC -0.0222 RankIC -0.0196 MSE 1.0114 (108s) -> D:\CodeProjects\master-thesis\code\results\Regression\MASTER\sx5e\sl20_pl5\seed0\y2022
[26/150]
MASTER sx5e y2022 seed 5 (T=20, L=5, clean=True) on cuda: MASTER (base_model.py fit): stop after the first epoch whose training loss is at most train_stop_loss_thred, keep the last weights
  days: {'train': 1001, 'valid': 258, 'test': 257}
  epoch   0  train loss 1.0725  valid IC -0.0067  RankIC -0.0133  (10s)
  epoch   1  train loss 1.0293  valid IC +0.0035  RankIC -0.0009  (10s)
  epoch   2  train loss 1.0090  valid IC +0.0107  RankIC +0.0107  (10s)
  epoch   3  train loss 0.9935  valid IC +0.0044  RankIC +0.0014  (10s)
  epoch   4  train loss 0.9842  valid IC -0.0083  RankIC -0.0107  (10s)
  epoch   5  train loss 0.9744  valid IC -0.0031  RankIC -0.0029  (10s)
  epoch   6  train loss 0.9700  valid IC -0.0139  RankIC -0.0128  (10s)
  epoch   7  train loss 0.9644  valid IC -0.0128  RankIC -0.0109  (10s)
  epoch   8  train loss 0.9619  valid IC -0.0132  RankIC -0.0120  (10s)
  epoch   9  train loss 0.9547  valid IC -0.0069  RankIC -0.0066  (10s)
  epoch  10  train loss 0.9500  valid IC -0.0045  RankIC -0.0051  (10s)
  epoch  11  train loss 0.9444  valid IC -0.0029  RankIC -0.0013  (10s)
  kept epoch 11 of 12; test IC -0.0242 RankIC -0.0227 MSE 1.0083 (128s) -> D:\CodeProjects\master-thesis\code\results\Regression\MASTER\sx5e\sl20_pl5\seed5\y2022
[27/150]
MASTER sx5e y2023 seed 0 (T=20, L=5, clean=True) on cuda: MASTER (base_model.py fit): stop after the first epoch whose training loss is at most train_stop_loss_thred, keep the last weights
  days: {'train': 1004, 'valid': 257, 'test': 255}
  epoch   0  train loss 1.0802  valid IC +0.0037  RankIC +0.0057  (10s)
  epoch   1  train loss 1.0235  valid IC -0.0028  RankIC +0.0050  (10s)
  epoch   2  train loss 1.0043  valid IC -0.0010  RankIC +0.0112  (10s)
  epoch   3  train loss 0.9887  valid IC -0.0025  RankIC +0.0093  (10s)
  epoch   4  train loss 0.9777  valid IC +0.0031  RankIC +0.0144  (10s)
  epoch   5  train loss 0.9695  valid IC +0.0004  RankIC +0.0108  (10s)
  epoch   6  train loss 0.9645  valid IC -0.0034  RankIC +0.0053  (10s)
  epoch   7  train loss 0.9587  valid IC -0.0037  RankIC +0.0052  (10s)
  epoch   8  train loss 0.9533  valid IC -0.0019  RankIC +0.0078  (10s)
  epoch   9  train loss 0.9454  valid IC -0.0007  RankIC +0.0061  (10s)
  kept epoch 9 of 10; test IC -0.0153 RankIC -0.0239 MSE 1.0071 (108s) -> D:\CodeProjects\master-thesis\code\results\Regression\MASTER\sx5e\sl20_pl5\seed0\y2023
[28/150]
MASTER sx5e y2023 seed 5 (T=20, L=5, clean=True) on cuda: MASTER (base_model.py fit): stop after the first epoch whose training loss is at most train_stop_loss_thred, keep the last weights
  days: {'train': 1004, 'valid': 257, 'test': 255}
  epoch   0  train loss 1.0802  valid IC -0.0001  RankIC -0.0091  (10s)
  epoch   1  train loss 1.0280  valid IC +0.0041  RankIC -0.0002  (10s)
  epoch   2  train loss 1.0055  valid IC +0.0029  RankIC +0.0011  (10s)
  epoch   3  train loss 0.9943  valid IC -0.0007  RankIC +0.0010  (10s)
  epoch   4  train loss 0.9831  valid IC +0.0014  RankIC +0.0043  (10s)
  epoch   5  train loss 0.9782  valid IC +0.0082  RankIC +0.0129  (10s)
  epoch   6  train loss 0.9722  valid IC +0.0040  RankIC +0.0133  (10s)
  epoch   7  train loss 0.9665  valid IC +0.0084  RankIC +0.0165  (10s)
  epoch   8  train loss 0.9603  valid IC +0.0061  RankIC +0.0172  (10s)
  epoch   9  train loss 0.9545  valid IC +0.0032  RankIC +0.0118  (10s)
  epoch  10  train loss 0.9521  valid IC +0.0045  RankIC +0.0137  (10s)
  epoch  11  train loss 0.9483  valid IC -0.0016  RankIC +0.0099  (10s)
  kept epoch 11 of 12; test IC -0.0493 RankIC -0.0460 MSE 1.0092 (128s) -> D:\CodeProjects\master-thesis\code\results\Regression\MASTER\sx5e\sl20_pl5\seed5\y2023
[29/150]
MASTER sx5e y2024 seed 0 (T=20, L=5, clean=True) on cuda: MASTER (base_model.py fit): stop after the first epoch whose training loss is at most train_stop_loss_thred, keep the last weights
  days: {'train': 1003, 'valid': 255, 'test': 256}
  epoch   0  train loss 1.0865  valid IC -0.0037  RankIC -0.0080  (10s)
  epoch   1  train loss 1.0272  valid IC -0.0059  RankIC -0.0085  (10s)
  epoch   2  train loss 1.0072  valid IC -0.0100  RankIC -0.0139  (10s)
  epoch   3  train loss 0.9899  valid IC -0.0162  RankIC -0.0216  (10s)
  epoch   4  train loss 0.9803  valid IC -0.0082  RankIC -0.0128  (10s)
  epoch   5  train loss 0.9737  valid IC -0.0130  RankIC -0.0188  (10s)
  epoch   6  train loss 0.9670  valid IC -0.0086  RankIC -0.0152  (10s)
  epoch   7  train loss 0.9613  valid IC -0.0129  RankIC -0.0137  (10s)
  epoch   8  train loss 0.9560  valid IC -0.0105  RankIC -0.0112  (10s)
  epoch   9  train loss 0.9477  valid IC -0.0083  RankIC -0.0098  (10s)
  kept epoch 9 of 10; test IC -0.0039 RankIC -0.0049 MSE 0.9981 (109s) -> D:\CodeProjects\master-thesis\code\results\Regression\MASTER\sx5e\sl20_pl5\seed0\y2024
[30/150]
MASTER sx5e y2024 seed 5 (T=20, L=5, clean=True) on cuda: MASTER (base_model.py fit): stop after the first epoch whose training loss is at most train_stop_loss_thred, keep the last weights
  days: {'train': 1003, 'valid': 255, 'test': 256}
  epoch   0  train loss 1.0817  valid IC -0.0412  RankIC -0.0333  (10s)
  epoch   1  train loss 1.0294  valid IC -0.0349  RankIC -0.0278  (10s)
  epoch   2  train loss 1.0054  valid IC -0.0345  RankIC -0.0258  (10s)
  epoch   3  train loss 0.9949  valid IC -0.0382  RankIC -0.0325  (10s)
  epoch   4  train loss 0.9831  valid IC -0.0381  RankIC -0.0292  (10s)
  epoch   5  train loss 0.9778  valid IC -0.0344  RankIC -0.0307  (10s)
  epoch   6  train loss 0.9733  valid IC -0.0269  RankIC -0.0218  (10s)
  epoch   7  train loss 0.9654  valid IC -0.0340  RankIC -0.0304  (10s)
  epoch   8  train loss 0.9596  valid IC -0.0270  RankIC -0.0192  (10s)
  epoch   9  train loss 0.9532  valid IC -0.0279  RankIC -0.0225  (10s)
  epoch  10  train loss 0.9484  valid IC -0.0222  RankIC -0.0176  (10s)
  kept epoch 10 of 11; test IC -0.0204 RankIC -0.0262 MSE 1.0032 (119s) -> D:\CodeProjects\master-thesis\code\results\Regression\MASTER\sx5e\sl20_pl5\seed5\y2024
[31/150]
MATCC dji y2020 seed 0 (T=20, L=5, clean=True) on cuda: MATCC (train.py): train n_epochs, keep the last weights
  days: {'train': 982, 'valid': 252, 'test': 253}
  epoch   0  train loss 1.0224  valid IC -0.0080  RankIC -0.0043  (12s)
  epoch   1  train loss 0.9412  valid IC +0.0448  RankIC +0.0420  (12s)
  epoch   2  train loss 0.8389  valid IC +0.0220  RankIC +0.0094  (13s)
  epoch   3  train loss 0.7134  valid IC +0.0242  RankIC +0.0304  (13s)
  epoch   4  train loss 0.5656  valid IC +0.0240  RankIC +0.0221  (13s)
  epoch   5  train loss 0.4595  valid IC +0.0218  RankIC +0.0162  (13s)
  epoch   6  train loss 0.3905  valid IC +0.0141  RankIC +0.0190  (13s)
  epoch   7  train loss 0.3416  valid IC +0.0072  RankIC +0.0070  (13s)
  epoch   8  train loss 0.3272  valid IC -0.0051  RankIC -0.0054  (13s)
  epoch   9  train loss 0.3166  valid IC -0.0076  RankIC -0.0021  (13s)
  epoch  10  train loss 0.3039  valid IC -0.0148  RankIC -0.0203  (12s)
  epoch  11  train loss 0.3015  valid IC -0.0007  RankIC -0.0090  (12s)
  epoch  12  train loss 0.2730  valid IC -0.0105  RankIC -0.0065  (13s)
  epoch  13  train loss 0.2548  valid IC -0.0175  RankIC -0.0189  (13s)
  epoch  14  train loss 0.2355  valid IC +0.0014  RankIC +0.0060  (13s)
  epoch  15  train loss 0.2101  valid IC -0.0142  RankIC -0.0159  (13s)
  epoch  16  train loss 0.1934  valid IC +0.0041  RankIC +0.0006  (13s)
  epoch  17  train loss 0.1715  valid IC -0.0112  RankIC -0.0059  (13s)
  epoch  18  train loss 0.1496  valid IC -0.0146  RankIC -0.0122  (13s)
  epoch  19  train loss 0.1346  valid IC -0.0081  RankIC -0.0109  (13s)
  epoch  20  train loss 0.1128  valid IC +0.0041  RankIC +0.0025  (13s)
  epoch  21  train loss 0.0982  valid IC -0.0046  RankIC -0.0036  (12s)
  epoch  22  train loss 0.0839  valid IC +0.0003  RankIC -0.0012  (12s)
  epoch  23  train loss 0.0739  valid IC -0.0125  RankIC -0.0108  (13s)
  epoch  24  train loss 0.0655  valid IC -0.0117  RankIC -0.0117  (13s)
  epoch  25  train loss 0.0597  valid IC -0.0110  RankIC -0.0086  (13s)
  epoch  26  train loss 0.3152  valid IC +0.0056  RankIC +0.0063  (13s)
  epoch  27  train loss 0.2177  valid IC -0.0030  RankIC -0.0088  (13s)
  epoch  28  train loss 0.1996  valid IC +0.0225  RankIC +0.0204  (13s)
  epoch  29  train loss 0.1843  valid IC -0.0130  RankIC -0.0200  (13s)
  epoch  30  train loss 0.1673  valid IC +0.0089  RankIC +0.0068  (13s)
  epoch  31  train loss 0.1539  valid IC -0.0207  RankIC -0.0220  (13s)
  epoch  32  train loss 0.1363  valid IC -0.0090  RankIC -0.0124  (12s)
  epoch  33  train loss 0.1203  valid IC -0.0038  RankIC -0.0102  (12s)
  epoch  34  train loss 0.1062  valid IC -0.0115  RankIC -0.0179  (13s)
  epoch  35  train loss 0.0925  valid IC +0.0084  RankIC +0.0042  (13s)
  epoch  36  train loss 0.0789  valid IC +0.0084  RankIC +0.0033  (13s)
  epoch  37  train loss 0.0682  valid IC +0.0010  RankIC -0.0055  (13s)
  epoch  38  train loss 0.0600  valid IC +0.0047  RankIC -0.0040  (13s)
  epoch  39  train loss 0.0536  valid IC -0.0014  RankIC -0.0090  (13s)
  epoch  40  train loss 0.0494  valid IC -0.0004  RankIC -0.0085  (13s)
  epoch  41  train loss 0.2961  valid IC -0.0133  RankIC -0.0140  (13s)
  epoch  42  train loss 0.1853  valid IC -0.0090  RankIC -0.0123  (13s)
  epoch  43  train loss 0.1667  valid IC -0.0108  RankIC -0.0071  (12s)
  epoch  44  train loss 0.1575  valid IC -0.0080  RankIC -0.0014  (12s)
  epoch  45  train loss 0.1477  valid IC +0.0043  RankIC +0.0090  (12s)
  epoch  46  train loss 0.1349  valid IC +0.0224  RankIC +0.0180  (11s)
  epoch  47  train loss 0.1196  valid IC +0.0082  RankIC +0.0077  (13s)
  epoch  48  train loss 0.1099  valid IC +0.0157  RankIC +0.0114  (13s)
  epoch  49  train loss 0.0926  valid IC +0.0104  RankIC +0.0099  (13s)
  epoch  50  train loss 0.0793  valid IC +0.0146  RankIC +0.0131  (13s)
  epoch  51  train loss 0.0688  valid IC +0.0000  RankIC -0.0060  (13s)
  epoch  52  train loss 0.0592  valid IC +0.0064  RankIC -0.0007  (13s)
  epoch  53  train loss 0.0514  valid IC +0.0049  RankIC -0.0005  (13s)
  epoch  54  train loss 0.0460  valid IC +0.0104  RankIC +0.0019  (13s)
  epoch  55  train loss 0.0431  valid IC +0.0112  RankIC +0.0066  (13s)
  epoch  56  train loss 0.2798  valid IC +0.0038  RankIC -0.0080  (12s)
  epoch  57  train loss 0.1720  valid IC +0.0106  RankIC +0.0042  (12s)
  epoch  58  train loss 0.1480  valid IC +0.0264  RankIC +0.0116  (13s)
  epoch  59  train loss 0.1473  valid IC +0.0057  RankIC +0.0089  (13s)
  epoch  60  train loss 0.1356  valid IC +0.0157  RankIC +0.0126  (13s)
  epoch  61  train loss 0.1156  valid IC +0.0195  RankIC +0.0169  (13s)
  epoch  62  train loss 0.1077  valid IC +0.0179  RankIC +0.0145  (13s)
  epoch  63  train loss 0.0952  valid IC +0.0232  RankIC +0.0106  (13s)
  epoch  64  train loss 0.0812  valid IC +0.0178  RankIC +0.0114  (13s)
  epoch  65  train loss 0.0699  valid IC +0.0205  RankIC +0.0122  (13s)
  epoch  66  train loss 0.0605  valid IC +0.0180  RankIC +0.0071  (12s)
  epoch  67  train loss 0.0520  valid IC +0.0177  RankIC +0.0096  (12s)
  epoch  68  train loss 0.0452  valid IC +0.0235  RankIC +0.0152  (12s)
  epoch  69  train loss 0.0407  valid IC +0.0266  RankIC +0.0184  (13s)
  kept epoch 69 of 70; test IC +0.0148 RankIC +0.0247 MSE 1.6209 (883s) -> D:\CodeProjects\master-thesis\code\results\Regression\MATCC\dji\sl20_pl5\seed0\y2020
[32/150]
MATCC dji y2020 seed 5 (T=20, L=5, clean=True) on cuda: MATCC (train.py): train n_epochs, keep the last weights
  days: {'train': 982, 'valid': 252, 'test': 253}
  epoch   0  train loss 1.0677  valid IC +0.0088  RankIC +0.0100  (13s)
  epoch   1  train loss 0.9770  valid IC +0.0026  RankIC +0.0027  (13s)
  epoch   2  train loss 0.8727  valid IC +0.0289  RankIC +0.0203  (13s)
  epoch   3  train loss 0.7412  valid IC +0.0075  RankIC +0.0002  (13s)
  epoch   4  train loss 0.6022  valid IC +0.0050  RankIC -0.0009  (13s)
  epoch   5  train loss 0.4842  valid IC -0.0114  RankIC -0.0132  (13s)
  epoch   6  train loss 0.3947  valid IC -0.0250  RankIC -0.0164  (12s)
  epoch   7  train loss 0.3448  valid IC -0.0087  RankIC -0.0128  (12s)
  epoch   8  train loss 0.3099  valid IC +0.0017  RankIC +0.0043  (12s)
  epoch   9  train loss 0.3014  valid IC -0.0284  RankIC -0.0255  (13s)
  epoch  10  train loss 0.2867  valid IC +0.0262  RankIC +0.0257  (13s)
  epoch  11  train loss 0.2858  valid IC -0.0126  RankIC -0.0146  (13s)
  epoch  12  train loss 0.2530  valid IC -0.0040  RankIC +0.0042  (13s)
  epoch  13  train loss 0.2363  valid IC -0.0064  RankIC -0.0058  (13s)
  epoch  14  train loss 0.2126  valid IC -0.0096  RankIC -0.0080  (13s)
  epoch  15  train loss 0.1960  valid IC +0.0025  RankIC +0.0010  (13s)
  epoch  16  train loss 0.1744  valid IC +0.0111  RankIC +0.0061  (13s)
  epoch  17  train loss 0.1611  valid IC -0.0005  RankIC +0.0062  (12s)
  epoch  18  train loss 0.1411  valid IC -0.0093  RankIC -0.0063  (12s)
  epoch  19  train loss 0.1198  valid IC +0.0049  RankIC +0.0076  (12s)
  epoch  20  train loss 0.1030  valid IC +0.0033  RankIC +0.0018  (13s)
  epoch  21  train loss 0.0878  valid IC +0.0196  RankIC +0.0171  (13s)
  epoch  22  train loss 0.0760  valid IC +0.0063  RankIC +0.0077  (13s)
  epoch  23  train loss 0.0656  valid IC +0.0019  RankIC +0.0036  (13s)
  epoch  24  train loss 0.0579  valid IC +0.0022  RankIC +0.0055  (13s)
  epoch  25  train loss 0.0535  valid IC +0.0011  RankIC +0.0027  (13s)
  epoch  26  train loss 0.3277  valid IC +0.0140  RankIC +0.0116  (13s)
  epoch  27  train loss 0.2045  valid IC +0.0231  RankIC +0.0162  (13s)
  epoch  28  train loss 0.1834  valid IC -0.0075  RankIC -0.0072  (12s)
  epoch  29  train loss 0.1712  valid IC +0.0037  RankIC +0.0060  (12s)
  epoch  30  train loss 0.1562  valid IC +0.0117  RankIC +0.0172  (12s)
  epoch  31  train loss 0.1418  valid IC -0.0231  RankIC -0.0197  (13s)
  epoch  32  train loss 0.1288  valid IC -0.0038  RankIC -0.0052  (13s)
  epoch  33  train loss 0.1113  valid IC +0.0019  RankIC +0.0080  (13s)
  epoch  34  train loss 0.0987  valid IC +0.0086  RankIC +0.0059  (13s)
  epoch  35  train loss 0.0832  valid IC -0.0027  RankIC -0.0010  (13s)
  epoch  36  train loss 0.0727  valid IC -0.0032  RankIC -0.0009  (13s)
  epoch  37  train loss 0.0614  valid IC -0.0057  RankIC -0.0041  (13s)
  epoch  38  train loss 0.0539  valid IC -0.0001  RankIC +0.0028  (13s)
  epoch  39  train loss 0.0479  valid IC +0.0014  RankIC +0.0067  (12s)
  epoch  40  train loss 0.0439  valid IC +0.0022  RankIC +0.0042  (12s)
  epoch  41  train loss 0.2949  valid IC +0.0188  RankIC +0.0116  (12s)
  epoch  42  train loss 0.1773  valid IC +0.0086  RankIC +0.0126  (13s)
  epoch  43  train loss 0.1574  valid IC +0.0034  RankIC -0.0005  (13s)
  epoch  44  train loss 0.1549  valid IC +0.0015  RankIC -0.0019  (13s)
  epoch  45  train loss 0.1404  valid IC -0.0025  RankIC +0.0003  (13s)
  epoch  46  train loss 0.1263  valid IC -0.0116  RankIC -0.0108  (13s)
  epoch  47  train loss 0.1108  valid IC +0.0095  RankIC +0.0089  (13s)
  epoch  48  train loss 0.0968  valid IC +0.0009  RankIC -0.0048  (13s)
  epoch  49  train loss 0.0866  valid IC +0.0050  RankIC +0.0026  (13s)
  epoch  50  train loss 0.0735  valid IC -0.0046  RankIC -0.0009  (12s)
  epoch  51  train loss 0.0628  valid IC +0.0074  RankIC +0.0083  (12s)
  epoch  52  train loss 0.0534  valid IC +0.0005  RankIC +0.0023  (12s)
  epoch  53  train loss 0.0467  valid IC +0.0012  RankIC +0.0021  (13s)
  epoch  54  train loss 0.0415  valid IC +0.0006  RankIC +0.0019  (13s)
  epoch  55  train loss 0.0385  valid IC +0.0011  RankIC +0.0024  (13s)
  epoch  56  train loss 0.2829  valid IC +0.0056  RankIC +0.0124  (13s)
  epoch  57  train loss 0.1609  valid IC +0.0069  RankIC +0.0140  (13s)
  epoch  58  train loss 0.1419  valid IC -0.0023  RankIC -0.0023  (13s)
  epoch  59  train loss 0.1364  valid IC -0.0047  RankIC -0.0058  (13s)
  epoch  60  train loss 0.1274  valid IC -0.0101  RankIC -0.0122  (13s)
  epoch  61  train loss 0.1126  valid IC -0.0182  RankIC -0.0221  (12s)
  epoch  62  train loss 0.0990  valid IC -0.0102  RankIC -0.0109  (12s)
  epoch  63  train loss 0.0897  valid IC +0.0094  RankIC +0.0082  (12s)
  epoch  64  train loss 0.0783  valid IC -0.0014  RankIC +0.0018  (13s)
  epoch  65  train loss 0.0649  valid IC -0.0033  RankIC -0.0023  (12s)
  epoch  66  train loss 0.0558  valid IC -0.0022  RankIC -0.0009  (13s)
  epoch  67  train loss 0.0473  valid IC -0.0008  RankIC +0.0030  (13s)
  epoch  68  train loss 0.0412  valid IC +0.0025  RankIC +0.0066  (13s)
  epoch  69  train loss 0.0369  valid IC +0.0034  RankIC +0.0042  (13s)
  kept epoch 69 of 70; test IC +0.0156 RankIC +0.0303 MSE 1.5703 (882s) -> D:\CodeProjects\master-thesis\code\results\Regression\MATCC\dji\sl20_pl5\seed5\y2020
[33/150]
MATCC dji y2021 seed 0 (T=20, L=5, clean=True) on cuda: MATCC (train.py): train n_epochs, keep the last weights
  days: {'train': 982, 'valid': 253, 'test': 252}
  epoch   0  train loss 1.0170  valid IC -0.0068  RankIC -0.0096  (13s)
  epoch   1  train loss 0.9257  valid IC -0.0035  RankIC -0.0101  (12s)
  epoch   2  train loss 0.8265  valid IC +0.0172  RankIC +0.0145  (12s)
  epoch   3  train loss 0.6937  valid IC -0.0008  RankIC +0.0036  (12s)
  epoch   4  train loss 0.5623  valid IC -0.0093  RankIC -0.0023  (13s)
  epoch   5  train loss 0.4604  valid IC +0.0149  RankIC +0.0167  (13s)
  epoch   6  train loss 0.3891  valid IC +0.0069  RankIC +0.0047  (13s)
  epoch   7  train loss 0.3511  valid IC +0.0105  RankIC +0.0062  (13s)
  epoch   8  train loss 0.3251  valid IC +0.0173  RankIC +0.0247  (13s)
  epoch   9  train loss 0.3117  valid IC +0.0264  RankIC +0.0316  (13s)
  epoch  10  train loss 0.3104  valid IC +0.0369  RankIC +0.0409  (13s)
  epoch  11  train loss 0.3020  valid IC +0.0238  RankIC +0.0277  (13s)
  epoch  12  train loss 0.2734  valid IC +0.0286  RankIC +0.0298  (12s)
  epoch  13  train loss 0.2459  valid IC +0.0334  RankIC +0.0377  (12s)
  epoch  14  train loss 0.2297  valid IC +0.0206  RankIC +0.0234  (12s)
  epoch  15  train loss 0.2117  valid IC +0.0288  RankIC +0.0260  (13s)
  epoch  16  train loss 0.1864  valid IC +0.0386  RankIC +0.0432  (13s)
  epoch  17  train loss 0.1684  valid IC +0.0273  RankIC +0.0327  (13s)
  epoch  18  train loss 0.1473  valid IC +0.0287  RankIC +0.0256  (13s)
  epoch  19  train loss 0.1281  valid IC +0.0259  RankIC +0.0258  (13s)
  epoch  20  train loss 0.1113  valid IC +0.0351  RankIC +0.0392  (13s)
  epoch  21  train loss 0.0947  valid IC +0.0361  RankIC +0.0370  (13s)
  epoch  22  train loss 0.0812  valid IC +0.0284  RankIC +0.0337  (13s)
  epoch  23  train loss 0.0708  valid IC +0.0314  RankIC +0.0322  (12s)
  epoch  24  train loss 0.0630  valid IC +0.0292  RankIC +0.0328  (12s)
  epoch  25  train loss 0.0575  valid IC +0.0268  RankIC +0.0299  (12s)
  epoch  26  train loss 0.3269  valid IC +0.0359  RankIC +0.0287  (13s)
  epoch  27  train loss 0.2137  valid IC +0.0208  RankIC +0.0278  (13s)
  epoch  28  train loss 0.1875  valid IC +0.0313  RankIC +0.0266  (13s)
  epoch  29  train loss 0.1798  valid IC +0.0238  RankIC +0.0285  (13s)
  epoch  30  train loss 0.1633  valid IC +0.0327  RankIC +0.0252  (13s)
  epoch  31  train loss 0.1476  valid IC +0.0271  RankIC +0.0274  (13s)
  epoch  32  train loss 0.1320  valid IC +0.0286  RankIC +0.0270  (13s)
  epoch  33  train loss 0.1183  valid IC +0.0293  RankIC +0.0264  (13s)
  epoch  34  train loss 0.1023  valid IC +0.0269  RankIC +0.0286  (12s)
  epoch  35  train loss 0.0893  valid IC +0.0286  RankIC +0.0293  (12s)
  epoch  36  train loss 0.0761  valid IC +0.0183  RankIC +0.0236  (13s)
  epoch  37  train loss 0.0665  valid IC +0.0305  RankIC +0.0338  (13s)
  epoch  38  train loss 0.0581  valid IC +0.0296  RankIC +0.0312  (13s)
  epoch  39  train loss 0.0524  valid IC +0.0289  RankIC +0.0312  (13s)
  epoch  40  train loss 0.0481  valid IC +0.0305  RankIC +0.0340  (13s)
  epoch  41  train loss 0.2997  valid IC +0.0415  RankIC +0.0472  (13s)
  epoch  42  train loss 0.1785  valid IC +0.0246  RankIC +0.0384  (13s)
  epoch  43  train loss 0.1665  valid IC +0.0446  RankIC +0.0435  (13s)
  epoch  44  train loss 0.1620  valid IC +0.0467  RankIC +0.0484  (13s)
  epoch  45  train loss 0.1437  valid IC +0.0367  RankIC +0.0389  (12s)
  epoch  46  train loss 0.1303  valid IC +0.0476  RankIC +0.0496  (12s)
  epoch  47  train loss 0.1173  valid IC +0.0340  RankIC +0.0374  (13s)
  epoch  48  train loss 0.1039  valid IC +0.0338  RankIC +0.0322  (13s)
  epoch  49  train loss 0.0901  valid IC +0.0340  RankIC +0.0354  (13s)
  epoch  50  train loss 0.0772  valid IC +0.0392  RankIC +0.0413  (13s)
  epoch  51  train loss 0.0662  valid IC +0.0357  RankIC +0.0372  (13s)
  epoch  52  train loss 0.0569  valid IC +0.0427  RankIC +0.0450  (13s)
  epoch  53  train loss 0.0503  valid IC +0.0402  RankIC +0.0420  (13s)
  epoch  54  train loss 0.0446  valid IC +0.0413  RankIC +0.0448  (13s)
  epoch  55  train loss 0.0416  valid IC +0.0429  RankIC +0.0435  (13s)
  epoch  56  train loss 0.2783  valid IC +0.0485  RankIC +0.0518  (12s)
  epoch  57  train loss 0.1653  valid IC +0.0305  RankIC +0.0409  (12s)
  epoch  58  train loss 0.1506  valid IC +0.0391  RankIC +0.0464  (13s)
  epoch  59  train loss 0.1375  valid IC +0.0436  RankIC +0.0513  (13s)
  epoch  60  train loss 0.1281  valid IC +0.0371  RankIC +0.0428  (13s)
  epoch  61  train loss 0.1163  valid IC +0.0387  RankIC +0.0470  (13s)
  epoch  62  train loss 0.1033  valid IC +0.0359  RankIC +0.0424  (13s)
  epoch  63  train loss 0.0914  valid IC +0.0451  RankIC +0.0422  (13s)
  epoch  64  train loss 0.0789  valid IC +0.0414  RankIC +0.0462  (13s)
  epoch  65  train loss 0.0692  valid IC +0.0393  RankIC +0.0469  (13s)
  epoch  66  train loss 0.0583  valid IC +0.0447  RankIC +0.0536  (13s)
  epoch  67  train loss 0.0500  valid IC +0.0397  RankIC +0.0486  (12s)
  epoch  68  train loss 0.0435  valid IC +0.0447  RankIC +0.0522  (12s)
  epoch  69  train loss 0.0391  valid IC +0.0372  RankIC +0.0451  (13s)
  kept epoch 69 of 70; test IC +0.0098 RankIC +0.0176 MSE 1.4768 (885s) -> D:\CodeProjects\master-thesis\code\results\Regression\MATCC\dji\sl20_pl5\seed0\y2021
[34/150]
MATCC dji y2021 seed 5 (T=20, L=5, clean=True) on cuda: MATCC (train.py): train n_epochs, keep the last weights
  days: {'train': 982, 'valid': 253, 'test': 252}
  epoch   0  train loss 1.0617  valid IC +0.0195  RankIC +0.0185  (13s)
  epoch   1  train loss 0.9695  valid IC -0.0085  RankIC -0.0064  (13s)
  epoch   2  train loss 0.8649  valid IC -0.0028  RankIC +0.0067  (13s)
  epoch   3  train loss 0.7374  valid IC -0.0096  RankIC +0.0039  (13s)
  epoch   4  train loss 0.6035  valid IC +0.0049  RankIC +0.0177  (14s)
  epoch   5  train loss 0.4827  valid IC -0.0028  RankIC +0.0002  (13s)
  epoch   6  train loss 0.3993  valid IC +0.0325  RankIC +0.0450  (13s)
  epoch   7  train loss 0.3437  valid IC +0.0337  RankIC +0.0387  (13s)
  epoch   8  train loss 0.3131  valid IC +0.0411  RankIC +0.0415  (13s)
  epoch   9  train loss 0.2974  valid IC +0.0320  RankIC +0.0427  (13s)
  epoch  10  train loss 0.2899  valid IC +0.0244  RankIC +0.0455  (13s)
  epoch  11  train loss 0.2821  valid IC +0.0154  RankIC +0.0220  (13s)
  epoch  12  train loss 0.2497  valid IC +0.0336  RankIC +0.0362  (13s)
  epoch  13  train loss 0.2405  valid IC +0.0469  RankIC +0.0520  (13s)
  epoch  14  train loss 0.2191  valid IC +0.0480  RankIC +0.0570  (13s)
  epoch  15  train loss 0.1933  valid IC +0.0259  RankIC +0.0361  (13s)
  epoch  16  train loss 0.1815  valid IC +0.0455  RankIC +0.0536  (13s)
  epoch  17  train loss 0.1526  valid IC +0.0301  RankIC +0.0371  (13s)
  epoch  18  train loss 0.1358  valid IC +0.0292  RankIC +0.0424  (13s)
  epoch  19  train loss 0.1185  valid IC +0.0485  RankIC +0.0601  (13s)
  epoch  20  train loss 0.1025  valid IC +0.0466  RankIC +0.0533  (13s)
  epoch  21  train loss 0.0863  valid IC +0.0482  RankIC +0.0593  (13s)
  epoch  22  train loss 0.0745  valid IC +0.0397  RankIC +0.0462  (13s)
  epoch  23  train loss 0.0641  valid IC +0.0430  RankIC +0.0519  (13s)
  epoch  24  train loss 0.0568  valid IC +0.0462  RankIC +0.0574  (13s)
  epoch  25  train loss 0.0522  valid IC +0.0436  RankIC +0.0529  (13s)
  epoch  26  train loss 0.3142  valid IC +0.0424  RankIC +0.0443  (13s)
  epoch  27  train loss 0.2050  valid IC +0.0296  RankIC +0.0454  (13s)
  epoch  28  train loss 0.1853  valid IC +0.0431  RankIC +0.0592  (13s)
  epoch  29  train loss 0.1667  valid IC +0.0427  RankIC +0.0531  (13s)
  epoch  30  train loss 0.1539  valid IC +0.0565  RankIC +0.0614  (13s)
  epoch  31  train loss 0.1425  valid IC +0.0374  RankIC +0.0517  (13s)
  epoch  32  train loss 0.1277  valid IC +0.0485  RankIC +0.0511  (13s)
  epoch  33  train loss 0.1114  valid IC +0.0266  RankIC +0.0419  (13s)
  epoch  34  train loss 0.0967  valid IC +0.0332  RankIC +0.0411  (13s)
  epoch  35  train loss 0.0818  valid IC +0.0283  RankIC +0.0430  (13s)
  epoch  36  train loss 0.0710  valid IC +0.0387  RankIC +0.0440  (13s)
  epoch  37  train loss 0.0600  valid IC +0.0314  RankIC +0.0421  (13s)
  epoch  38  train loss 0.0529  valid IC +0.0339  RankIC +0.0471  (13s)
  epoch  39  train loss 0.0470  valid IC +0.0345  RankIC +0.0471  (13s)
  epoch  40  train loss 0.0427  valid IC +0.0319  RankIC +0.0460  (13s)
  epoch  41  train loss 0.3015  valid IC +0.0177  RankIC +0.0258  (13s)
  epoch  42  train loss 0.1757  valid IC +0.0349  RankIC +0.0483  (13s)
  epoch  43  train loss 0.1619  valid IC +0.0317  RankIC +0.0397  (13s)
  epoch  44  train loss 0.1455  valid IC +0.0444  RankIC +0.0566  (13s)
  epoch  45  train loss 0.1398  valid IC +0.0305  RankIC +0.0452  (13s)
  epoch  46  train loss 0.1240  valid IC +0.0248  RankIC +0.0367  (13s)
  epoch  47  train loss 0.1085  valid IC +0.0445  RankIC +0.0536  (13s)
  epoch  48  train loss 0.0986  valid IC +0.0401  RankIC +0.0474  (13s)
  epoch  49  train loss 0.0861  valid IC +0.0435  RankIC +0.0567  (13s)
  epoch  50  train loss 0.0727  valid IC +0.0379  RankIC +0.0504  (13s)
  epoch  51  train loss 0.0614  valid IC +0.0366  RankIC +0.0503  (13s)
  epoch  52  train loss 0.0530  valid IC +0.0382  RankIC +0.0526  (13s)
  epoch  53  train loss 0.0457  valid IC +0.0407  RankIC +0.0502  (13s)
  epoch  54  train loss 0.0412  valid IC +0.0355  RankIC +0.0484  (13s)
  epoch  55  train loss 0.0376  valid IC +0.0341  RankIC +0.0483  (13s)
  epoch  56  train loss 0.2802  valid IC +0.0407  RankIC +0.0516  (13s)
  epoch  57  train loss 0.1573  valid IC +0.0407  RankIC +0.0401  (13s)
  epoch  58  train loss 0.1444  valid IC +0.0189  RankIC +0.0340  (13s)
  epoch  59  train loss 0.1344  valid IC +0.0410  RankIC +0.0450  (13s)
  epoch  60  train loss 0.1230  valid IC +0.0334  RankIC +0.0396  (13s)
  epoch  61  train loss 0.1098  valid IC +0.0409  RankIC +0.0539  (13s)
  epoch  62  train loss 0.0997  valid IC +0.0367  RankIC +0.0499  (13s)
  epoch  63  train loss 0.0883  valid IC +0.0228  RankIC +0.0331  (13s)
  epoch  64  train loss 0.0752  valid IC +0.0209  RankIC +0.0386  (13s)
  epoch  65  train loss 0.0631  valid IC +0.0359  RankIC +0.0425  (13s)
  epoch  66  train loss 0.0542  valid IC +0.0360  RankIC +0.0478  (13s)
  epoch  67  train loss 0.0462  valid IC +0.0331  RankIC +0.0439  (13s)
  epoch  68  train loss 0.0402  valid IC +0.0339  RankIC +0.0445  (13s)
  epoch  69  train loss 0.0360  valid IC +0.0332  RankIC +0.0452  (13s)
  kept epoch 69 of 70; test IC +0.0275 RankIC +0.0124 MSE 1.5321 (912s) -> D:\CodeProjects\master-thesis\code\results\Regression\MATCC\dji\sl20_pl5\seed5\y2021
[35/150]
MATCC dji y2022 seed 0 (T=20, L=5, clean=True) on cuda: MATCC (train.py): train n_epochs, keep the last weights
  days: {'train': 983, 'valid': 252, 'test': 251}
  epoch   0  train loss 1.0306  valid IC +0.0268  RankIC +0.0175  (13s)
  epoch   1  train loss 0.9342  valid IC +0.0176  RankIC +0.0012  (13s)
  epoch   2  train loss 0.8372  valid IC +0.0053  RankIC -0.0056  (13s)
  epoch   3  train loss 0.7028  valid IC +0.0262  RankIC +0.0168  (13s)
  epoch   4  train loss 0.5718  valid IC +0.0316  RankIC +0.0229  (13s)
  epoch   5  train loss 0.4673  valid IC +0.0002  RankIC -0.0063  (13s)
  epoch   6  train loss 0.3958  valid IC -0.0062  RankIC -0.0192  (13s)
  epoch   7  train loss 0.3539  valid IC +0.0013  RankIC -0.0021  (13s)
  epoch   8  train loss 0.3309  valid IC -0.0098  RankIC -0.0111  (13s)
  epoch   9  train loss 0.3156  valid IC +0.0002  RankIC -0.0064  (13s)
  epoch  10  train loss 0.3038  valid IC -0.0047  RankIC -0.0119  (13s)
  epoch  11  train loss 0.3003  valid IC +0.0032  RankIC +0.0029  (13s)
  epoch  12  train loss 0.2793  valid IC +0.0103  RankIC +0.0103  (13s)
  epoch  13  train loss 0.2605  valid IC +0.0277  RankIC +0.0204  (13s)
  epoch  14  train loss 0.2395  valid IC +0.0109  RankIC +0.0073  (13s)
  epoch  15  train loss 0.2181  valid IC +0.0102  RankIC +0.0000  (13s)
  epoch  16  train loss 0.1975  valid IC +0.0008  RankIC -0.0029  (13s)
  epoch  17  train loss 0.1651  valid IC +0.0146  RankIC +0.0109  (13s)
  epoch  18  train loss 0.1529  valid IC +0.0057  RankIC +0.0092  (13s)
  epoch  19  train loss 0.1316  valid IC +0.0038  RankIC +0.0067  (13s)
  epoch  20  train loss 0.1141  valid IC +0.0063  RankIC +0.0113  (13s)
  epoch  21  train loss 0.0992  valid IC +0.0121  RankIC +0.0137  (13s)
  epoch  22  train loss 0.0845  valid IC +0.0002  RankIC +0.0057  (13s)
  epoch  23  train loss 0.0741  valid IC +0.0083  RankIC +0.0087  (13s)
  epoch  24  train loss 0.0664  valid IC +0.0047  RankIC +0.0058  (13s)
  epoch  25  train loss 0.0611  valid IC +0.0066  RankIC +0.0106  (13s)
  epoch  26  train loss 0.3293  valid IC +0.0079  RankIC +0.0030  (13s)
  epoch  27  train loss 0.2175  valid IC +0.0141  RankIC +0.0205  (13s)
  epoch  28  train loss 0.2011  valid IC +0.0148  RankIC +0.0124  (13s)
  epoch  29  train loss 0.1781  valid IC +0.0253  RankIC +0.0155  (13s)
  epoch  30  train loss 0.1725  valid IC +0.0214  RankIC +0.0201  (13s)
  epoch  31  train loss 0.1516  valid IC +0.0175  RankIC +0.0176  (13s)
  epoch  32  train loss 0.1437  valid IC +0.0077  RankIC +0.0075  (13s)
  epoch  33  train loss 0.1233  valid IC +0.0216  RankIC +0.0217  (13s)
  epoch  34  train loss 0.1064  valid IC +0.0306  RankIC +0.0300  (13s)
  epoch  35  train loss 0.0941  valid IC +0.0143  RankIC +0.0210  (13s)
  epoch  36  train loss 0.0798  valid IC +0.0172  RankIC +0.0225  (13s)
  epoch  37  train loss 0.0693  valid IC +0.0198  RankIC +0.0225  (13s)
  epoch  38  train loss 0.0613  valid IC +0.0140  RankIC +0.0152  (13s)
  epoch  39  train loss 0.0543  valid IC +0.0160  RankIC +0.0196  (13s)
  epoch  40  train loss 0.0503  valid IC +0.0133  RankIC +0.0171  (13s)
  epoch  41  train loss 0.2971  valid IC +0.0061  RankIC +0.0062  (13s)
  epoch  42  train loss 0.1962  valid IC +0.0129  RankIC +0.0238  (13s)
  epoch  43  train loss 0.1728  valid IC +0.0340  RankIC +0.0330  (13s)
  epoch  44  train loss 0.1586  valid IC +0.0296  RankIC +0.0418  (13s)
  epoch  45  train loss 0.1467  valid IC +0.0346  RankIC +0.0338  (13s)
  epoch  46  train loss 0.1351  valid IC +0.0143  RankIC +0.0206  (13s)
  epoch  47  train loss 0.1218  valid IC +0.0324  RankIC +0.0436  (13s)
  epoch  48  train loss 0.1086  valid IC +0.0210  RankIC +0.0275  (13s)
  epoch  49  train loss 0.0922  valid IC +0.0260  RankIC +0.0318  (13s)
  epoch  50  train loss 0.0799  valid IC +0.0328  RankIC +0.0446  (13s)
  epoch  51  train loss 0.0701  valid IC +0.0246  RankIC +0.0347  (13s)
  epoch  52  train loss 0.0603  valid IC +0.0234  RankIC +0.0328  (13s)
  epoch  53  train loss 0.0525  valid IC +0.0217  RankIC +0.0309  (13s)
  epoch  54  train loss 0.0470  valid IC +0.0200  RankIC +0.0260  (13s)
  epoch  55  train loss 0.0433  valid IC +0.0173  RankIC +0.0244  (13s)
  epoch  56  train loss 0.2819  valid IC +0.0231  RankIC +0.0333  (13s)
  epoch  57  train loss 0.1732  valid IC +0.0365  RankIC +0.0498  (13s)
  epoch  58  train loss 0.1541  valid IC +0.0311  RankIC +0.0322  (13s)
  epoch  59  train loss 0.1487  valid IC +0.0227  RankIC +0.0199  (13s)
  epoch  60  train loss 0.1347  valid IC +0.0193  RankIC +0.0265  (13s)
  epoch  61  train loss 0.1205  valid IC +0.0267  RankIC +0.0268  (13s)
  epoch  62  train loss 0.1075  valid IC +0.0200  RankIC +0.0272  (13s)
  epoch  63  train loss 0.0988  valid IC +0.0270  RankIC +0.0352  (13s)
  epoch  64  train loss 0.0815  valid IC +0.0150  RankIC +0.0247  (13s)
  epoch  65  train loss 0.0712  valid IC +0.0189  RankIC +0.0289  (13s)
  epoch  66  train loss 0.0614  valid IC +0.0225  RankIC +0.0316  (13s)
  epoch  67  train loss 0.0527  valid IC +0.0153  RankIC +0.0253  (13s)
