train_rolling: models=['MATCC', 'FactorVAE', 'HIST', 'DiscoverPLF', 'FinFormer'] universes=['dji'] years=[2020] seeds=[42] T=20 L=5 clean=True
[1/5]
MATCC dji y2020 seed 42 (T=20, L=5, clean=True) on cuda: MATCC (train.py): train n_epochs, keep the last weights
  days: {'train': 982, 'valid': 252, 'test': 253}
  epoch   0  train loss 1.0543  valid IC -0.0302  RankIC -0.0253  (11s)
  epoch   1  train loss 0.9707  valid IC +0.0143  RankIC +0.0123  (11s)
  epoch   2  train loss 0.8897  valid IC +0.0003  RankIC -0.0063  (11s)
  epoch   3  train loss 0.7672  valid IC +0.0151  RankIC +0.0192  (11s)
  epoch   4  train loss 0.6152  valid IC +0.0026  RankIC +0.0076  (11s)
  epoch   5  train loss 0.4856  valid IC -0.0138  RankIC -0.0091  (11s)
  epoch   6  train loss 0.3963  valid IC +0.0263  RankIC +0.0272  (11s)
  epoch   7  train loss 0.3441  valid IC +0.0051  RankIC +0.0137  (11s)
  epoch   8  train loss 0.3111  valid IC +0.0039  RankIC +0.0112  (11s)
  epoch   9  train loss 0.2911  valid IC +0.0073  RankIC +0.0128  (11s)
  epoch  10  train loss 0.2918  valid IC +0.0230  RankIC +0.0297  (11s)
  epoch  11  train loss 0.2794  valid IC -0.0236  RankIC -0.0089  (11s)
  epoch  12  train loss 0.2582  valid IC -0.0055  RankIC +0.0087  (11s)
  epoch  13  train loss 0.2322  valid IC -0.0065  RankIC +0.0083  (11s)
  epoch  14  train loss 0.2114  valid IC +0.0010  RankIC +0.0177  (11s)
  epoch  15  train loss 0.1922  valid IC -0.0023  RankIC +0.0100  (11s)
  epoch  16  train loss 0.1735  valid IC -0.0024  RankIC +0.0143  (11s)
  epoch  17  train loss 0.1575  valid IC +0.0051  RankIC +0.0167  (11s)
  epoch  18  train loss 0.1327  valid IC +0.0085  RankIC +0.0280  (11s)
  epoch  19  train loss 0.1155  valid IC +0.0013  RankIC +0.0165  (11s)
  epoch  20  train loss 0.0975  valid IC -0.0105  RankIC +0.0059  (11s)
  epoch  21  train loss 0.0836  valid IC -0.0062  RankIC +0.0098  (11s)
  epoch  22  train loss 0.0703  valid IC -0.0107  RankIC +0.0088  (11s)
  epoch  23  train loss 0.0595  valid IC -0.0016  RankIC +0.0158  (11s)
  epoch  24  train loss 0.0520  valid IC -0.0057  RankIC +0.0103  (11s)
  epoch  25  train loss 0.0474  valid IC -0.0026  RankIC +0.0154  (11s)
  epoch  26  train loss 0.3254  valid IC +0.0109  RankIC +0.0303  (11s)
  epoch  27  train loss 0.2021  valid IC -0.0115  RankIC -0.0029  (11s)
  epoch  28  train loss 0.1768  valid IC +0.0142  RankIC +0.0257  (11s)
  epoch  29  train loss 0.1662  valid IC +0.0124  RankIC +0.0229  (11s)
  epoch  30  train loss 0.1528  valid IC -0.0106  RankIC +0.0088  (11s)
  epoch  31  train loss 0.1383  valid IC +0.0034  RankIC +0.0178  (11s)
  epoch  32  train loss 0.1205  valid IC +0.0142  RankIC +0.0293  (11s)
  epoch  33  train loss 0.1107  valid IC -0.0064  RankIC +0.0094  (11s)
  epoch  34  train loss 0.0934  valid IC -0.0093  RankIC +0.0100  (11s)
  epoch  35  train loss 0.0786  valid IC -0.0039  RankIC +0.0155  (11s)
  epoch  36  train loss 0.0674  valid IC +0.0006  RankIC +0.0194  (11s)
  epoch  37  train loss 0.0574  valid IC -0.0089  RankIC +0.0070  (11s)
  epoch  38  train loss 0.0490  valid IC -0.0080  RankIC +0.0082  (11s)
  epoch  39  train loss 0.0434  valid IC -0.0001  RankIC +0.0173  (11s)
  epoch  40  train loss 0.0395  valid IC -0.0038  RankIC +0.0121  (11s)
  epoch  41  train loss 0.3137  valid IC -0.0056  RankIC +0.0163  (11s)
  epoch  42  train loss 0.1752  valid IC -0.0092  RankIC +0.0050  (11s)
  epoch  43  train loss 0.1592  valid IC +0.0101  RankIC +0.0280  (11s)
  epoch  44  train loss 0.1522  valid IC -0.0156  RankIC +0.0077  (11s)
  epoch  45  train loss 0.1354  valid IC -0.0077  RankIC +0.0076  (11s)
  epoch  46  train loss 0.1213  valid IC +0.0060  RankIC +0.0231  (11s)
  epoch  47  train loss 0.1102  valid IC -0.0069  RankIC +0.0128  (11s)
  epoch  48  train loss 0.0960  valid IC +0.0003  RankIC +0.0200  (11s)
  epoch  49  train loss 0.0812  valid IC -0.0021  RankIC +0.0197  (11s)
  epoch  50  train loss 0.0685  valid IC -0.0066  RankIC +0.0128  (11s)
  epoch  51  train loss 0.0593  valid IC +0.0104  RankIC +0.0284  (11s)
  epoch  52  train loss 0.0494  valid IC -0.0042  RankIC +0.0139  (11s)
  epoch  53  train loss 0.0425  valid IC +0.0067  RankIC +0.0230  (11s)
  epoch  54  train loss 0.0379  valid IC -0.0004  RankIC +0.0187  (11s)
  epoch  55  train loss 0.0344  valid IC +0.0006  RankIC +0.0191  (11s)
  epoch  56  train loss 0.2917  valid IC +0.0048  RankIC +0.0202  (11s)
  epoch  57  train loss 0.1542  valid IC +0.0106  RankIC +0.0275  (11s)
  epoch  58  train loss 0.1441  valid IC +0.0162  RankIC +0.0342  (11s)
  epoch  59  train loss 0.1326  valid IC -0.0151  RankIC +0.0062  (11s)
  epoch  60  train loss 0.1234  valid IC -0.0144  RankIC +0.0136  (11s)
  epoch  61  train loss 0.1081  valid IC +0.0033  RankIC +0.0296  (11s)
  epoch  62  train loss 0.0973  valid IC +0.0099  RankIC +0.0311  (11s)
  epoch  63  train loss 0.0857  valid IC -0.0150  RankIC +0.0139  (11s)
  epoch  64  train loss 0.0745  valid IC -0.0120  RankIC +0.0149  (11s)
  epoch  65  train loss 0.0613  valid IC -0.0131  RankIC +0.0120  (11s)
  epoch  66  train loss 0.0519  valid IC -0.0039  RankIC +0.0246  (11s)
  epoch  67  train loss 0.0444  valid IC -0.0094  RankIC +0.0184  (11s)
  epoch  68  train loss 0.0380  valid IC -0.0020  RankIC +0.0291  (11s)
  epoch  69  train loss 0.0336  valid IC -0.0031  RankIC +0.0228  (11s)
  kept epoch 69 of 70; test IC +0.0069 RankIC +0.0248 MSE 1.6015 (759s) -> D:\CodeProjects\master-thesis\code\results\Regression\MATCC\dji\sl20_pl5\seed42\y2020
[2/5]
FactorVAE dji y2020 seed 42 (T=20, L=5, clean=True) on cuda: FactorVAE (train.py main): keep the weights of the lowest validation loss (the VAE loss)
  days: {'train': 1006, 'valid': 252, 'test': 253}
  epoch   0  train loss 1.2403  valid IC -0.0326  RankIC -0.0379  *  (99s)
  epoch   1  train loss 0.8881  valid IC -0.0301  RankIC -0.0276  *  (99s)
  epoch   2  train loss 0.8631  valid IC -0.0198  RankIC -0.0308  (99s)
  epoch   3  train loss 0.8112  valid IC +0.0110  RankIC -0.0101  (99s)
  epoch   4  train loss 0.7181  valid IC -0.0022  RankIC -0.0138  (99s)
  epoch   5  train loss 0.6178  valid IC +0.0001  RankIC -0.0035  (99s)
  epoch   6  train loss 0.5215  valid IC +0.0102  RankIC +0.0061  (99s)
  epoch   7  train loss 0.4527  valid IC +0.0002  RankIC -0.0045  (99s)
  epoch   8  train loss 0.4091  valid IC -0.0038  RankIC -0.0032  (99s)
  epoch   9  train loss 0.3643  valid IC +0.0187  RankIC +0.0199  (99s)
  epoch  10  train loss 0.3333  valid IC +0.0035  RankIC -0.0007  (99s)
  epoch  11  train loss 0.3042  valid IC +0.0171  RankIC +0.0106  (99s)
  epoch  12  train loss 0.2858  valid IC +0.0135  RankIC +0.0085  (99s)
  epoch  13  train loss 0.2695  valid IC +0.0008  RankIC -0.0041  (99s)
  epoch  14  train loss 0.2517  valid IC +0.0153  RankIC +0.0126  (99s)
  epoch  15  train loss 0.2406  valid IC +0.0105  RankIC +0.0133  (99s)
  epoch  16  train loss 0.2239  valid IC +0.0194  RankIC +0.0166  (100s)
  epoch  17  train loss 0.2152  valid IC +0.0120  RankIC +0.0083  (100s)
  epoch  18  train loss 0.2073  valid IC +0.0068  RankIC +0.0054  (100s)
  epoch  19  train loss 0.1960  valid IC +0.0130  RankIC +0.0133  (100s)
  epoch  20  train loss 0.1906  valid IC +0.0204  RankIC +0.0160  (100s)
  epoch  21  train loss 0.1850  valid IC +0.0216  RankIC +0.0159  (100s)
  epoch  22  train loss 0.1806  valid IC +0.0113  RankIC +0.0088  (100s)
  epoch  23  train loss 0.1745  valid IC +0.0147  RankIC +0.0142  (100s)
  epoch  24  train loss 0.1715  valid IC +0.0184  RankIC +0.0156  (99s)
  epoch  25  train loss 0.1696  valid IC +0.0177  RankIC +0.0154  (100s)
  epoch  26  train loss 0.1671  valid IC +0.0191  RankIC +0.0171  (100s)
  epoch  27  train loss 0.1657  valid IC +0.0196  RankIC +0.0173  (99s)
  epoch  28  train loss 0.1655  valid IC +0.0190  RankIC +0.0170  (99s)
  epoch  29  train loss 0.1652  valid IC +0.0190  RankIC +0.0171  (100s)
  kept epoch 1 of 30; test IC +0.0123 RankIC +0.0501 MSE 0.8532 (2995s) -> D:\CodeProjects\master-thesis\code\results\Regression\FactorVAE\dji\sl20_pl5\seed42\y2020
[3/5]
HIST dji y2020 seed 42 (T=20, L=5, clean=True) on cuda: HIST, DiscoverPLF (train.py main): from eval_from_epoch on, evaluate the average of the last smooth_steps epochs' weights; keep the average with the best validation IC (daily mean); stop after early_stop epochs without improvement
  days: {'train': 1001, 'valid': 252, 'test': 253}
  epoch   0  train loss 0.9648  valid IC -0.0018  RankIC -0.0019  *  (9s)
  epoch   1  train loss 0.9637  valid IC -0.0013  RankIC -0.0050  *  (9s)
  epoch   2  train loss 0.9633  valid IC -0.0007  RankIC -0.0028  *  (9s)
  epoch   3  train loss 0.9632  valid IC -0.0041  RankIC -0.0069  (9s)
  epoch   4  train loss 0.9628  valid IC -0.0017  RankIC -0.0004  (9s)
  epoch   5  train loss 0.9618  valid IC +0.0013  RankIC +0.0066  *  (9s)
  epoch   6  train loss 0.9604  valid IC +0.0040  RankIC +0.0128  *  (9s)
  epoch   7  train loss 0.9589  valid IC +0.0166  RankIC +0.0294  *  (9s)
  epoch   8  train loss 0.9568  valid IC +0.0190  RankIC +0.0308  *  (9s)
  epoch   9  train loss 0.9545  valid IC +0.0159  RankIC +0.0227  (9s)
  epoch  10  train loss 0.9520  valid IC +0.0139  RankIC +0.0201  (9s)
  epoch  11  train loss 0.9512  valid IC +0.0044  RankIC +0.0104  (9s)
  epoch  12  train loss 0.9482  valid IC -0.0037  RankIC +0.0056  (9s)
  epoch  13  train loss 0.9449  valid IC -0.0045  RankIC +0.0063  (9s)
  epoch  14  train loss 0.9418  valid IC -0.0079  RankIC +0.0030  (9s)
  epoch  15  train loss 0.9380  valid IC -0.0136  RankIC -0.0040  (9s)
  epoch  16  train loss 0.9360  valid IC -0.0211  RankIC -0.0108  (9s)
  epoch  17  train loss 0.9312  valid IC -0.0228  RankIC -0.0099  (9s)
  epoch  18  train loss 0.9297  valid IC -0.0267  RankIC -0.0146  (9s)
  epoch  19  train loss 0.9257  valid IC -0.0242  RankIC -0.0119  (9s)
  epoch  20  train loss 0.9215  valid IC -0.0193  RankIC -0.0059  (9s)
  epoch  21  train loss 0.9187  valid IC -0.0182  RankIC -0.0065  (9s)
  epoch  22  train loss 0.9155  valid IC -0.0173  RankIC -0.0082  (9s)
  epoch  23  train loss 0.9108  valid IC -0.0131  RankIC -0.0055  (9s)
  epoch  24  train loss 0.9090  valid IC -0.0128  RankIC -0.0058  (9s)
  epoch  25  train loss 0.9036  valid IC -0.0105  RankIC -0.0020  (9s)
  epoch  26  train loss 0.9006  valid IC -0.0084  RankIC -0.0041  (9s)
  epoch  27  train loss 0.8941  valid IC -0.0095  RankIC -0.0031  (9s)
  epoch  28  train loss 0.8878  valid IC -0.0069  RankIC +0.0014  (9s)
  epoch  29  train loss 0.8866  valid IC -0.0085  RankIC -0.0006  (9s)
  epoch  30  train loss 0.8771  valid IC -0.0066  RankIC +0.0033  (9s)
  epoch  31  train loss 0.8721  valid IC -0.0055  RankIC +0.0066  (9s)
  epoch  32  train loss 0.8710  valid IC -0.0042  RankIC +0.0060  (9s)
  epoch  33  train loss 0.8599  valid IC -0.0080  RankIC +0.0039  (9s)
  epoch  34  train loss 0.8554  valid IC -0.0037  RankIC +0.0087  (9s)
  epoch  35  train loss 0.8460  valid IC -0.0039  RankIC +0.0073  (9s)
  epoch  36  train loss 0.8451  valid IC -0.0053  RankIC +0.0073  (9s)
  epoch  37  train loss 0.8339  valid IC -0.0030  RankIC +0.0077  (9s)
  epoch  38  train loss 0.8249  valid IC +0.0016  RankIC +0.0144  (9s)
  early stop: 30 epochs without improvement
  kept epoch 8 of 39; test IC +0.0376 RankIC +0.0365 MSE 0.9632 (348s) -> D:\CodeProjects\master-thesis\code\results\Regression\HIST\dji\sl20_pl5\seed42\y2020
[4/5]
DiscoverPLF dji y2020 seed 42 (T=20, L=5, clean=True) on cuda: HIST, DiscoverPLF (train.py main): from eval_from_epoch on, evaluate the average of the last smooth_steps epochs' weights; keep the average with the best validation IC (daily mean); stop after early_stop epochs without improvement
  days: {'train': 1001, 'valid': 252, 'test': 253}
  epoch  20  train loss 0.8852  valid IC +0.0109  RankIC +0.0151  *  (21s)
  epoch  21  train loss 0.8661  valid IC +0.0114  RankIC +0.0174  *  (21s)
  epoch  22  train loss 0.8521  valid IC +0.0106  RankIC +0.0145  (21s)
  epoch  23  train loss 0.8308  valid IC +0.0159  RankIC +0.0212  *  (21s)
  epoch  24  train loss 0.8153  valid IC +0.0148  RankIC +0.0215  (22s)
  epoch  25  train loss 0.8029  valid IC +0.0134  RankIC +0.0164  (21s)
  epoch  26  train loss 0.7822  valid IC +0.0078  RankIC +0.0121  (21s)
  epoch  27  train loss 0.7588  valid IC +0.0086  RankIC +0.0159  (21s)
  epoch  28  train loss 0.7488  valid IC +0.0033  RankIC +0.0134  (21s)
  epoch  29  train loss 0.7294  valid IC +0.0002  RankIC +0.0093  (21s)
  epoch  30  train loss 0.7498  valid IC +0.0024  RankIC +0.0115  (21s)
  epoch  31  train loss 0.7326  valid IC +0.0060  RankIC +0.0141  (21s)
  epoch  32  train loss 0.7161  valid IC +0.0025  RankIC +0.0120  (21s)
  epoch  33  train loss 0.6989  valid IC +0.0013  RankIC +0.0113  (21s)
  epoch  34  train loss 0.6803  valid IC +0.0026  RankIC +0.0105  (21s)
  epoch  35  train loss 0.6764  valid IC +0.0045  RankIC +0.0131  (21s)
  epoch  36  train loss 0.6548  valid IC -0.0014  RankIC +0.0076  (21s)
  epoch  37  train loss 0.6451  valid IC +0.0008  RankIC +0.0104  (21s)
  epoch  38  train loss 0.6377  valid IC +0.0020  RankIC +0.0125  (21s)
  epoch  39  train loss 0.6028  valid IC +0.0053  RankIC +0.0172  (21s)
  epoch  40  train loss 0.5970  valid IC +0.0014  RankIC +0.0133  (21s)
  epoch  41  train loss 0.5838  valid IC +0.0042  RankIC +0.0132  (21s)
  epoch  42  train loss 0.5694  valid IC +0.0049  RankIC +0.0139  (21s)
  epoch  43  train loss 0.5540  valid IC +0.0079  RankIC +0.0178  (21s)
  epoch  44  train loss 0.5438  valid IC +0.0079  RankIC +0.0170  (21s)
  epoch  45  train loss 0.5282  valid IC +0.0116  RankIC +0.0198  (21s)
  epoch  46  train loss 0.5258  valid IC +0.0107  RankIC +0.0240  (21s)
  epoch  47  train loss 0.5066  valid IC +0.0120  RankIC +0.0277  (21s)
  epoch  48  train loss 0.4987  valid IC +0.0126  RankIC +0.0271  (21s)
  early stop: 25 epochs without improvement
  kept epoch 23 of 49; test IC -0.0073 RankIC +0.0087 MSE 1.1764 (1021s) -> D:\CodeProjects\master-thesis\code\results\Regression\DiscoverPLF\dji\sl20_pl5\seed42\y2020
[5/5]
FinFormer dji y2020 seed 42 (T=20, L=5, clean=True) on cuda: FinFormer (finformer.py fit): keep the weights of the best validation IC pooled over all stock-days; stop after early_stop epochs without improvement
  days: {'train': 1001, 'valid': 252, 'test': 253}
  epoch   0  train loss -0.0081  valid IC -0.0071  RankIC -0.0077  *  (10s)
  epoch   1  train loss -0.0342  valid IC -0.0036  RankIC +0.0001  *  (10s)
  epoch   2  train loss -0.0523  valid IC -0.0098  RankIC -0.0059  (10s)
  epoch   3  train loss -0.0672  valid IC -0.0159  RankIC -0.0059  (10s)
  epoch   4  train loss -0.0811  valid IC -0.0038  RankIC +0.0009  *  (10s)
  epoch   5  train loss -0.0959  valid IC -0.0015  RankIC +0.0049  *  (10s)
  epoch   6  train loss -0.1095  valid IC -0.0184  RankIC -0.0110  (10s)
  epoch   7  train loss -0.1216  valid IC -0.0091  RankIC -0.0013  (10s)
  epoch   8  train loss -0.1291  valid IC -0.0121  RankIC -0.0058  (10s)
  epoch   9  train loss -0.1365  valid IC -0.0103  RankIC +0.0040  (10s)
  epoch  10  train loss -0.1475  valid IC -0.0275  RankIC -0.0145  (10s)
  epoch  11  train loss -0.1620  valid IC -0.0224  RankIC -0.0215  (10s)
  epoch  12  train loss -0.1722  valid IC -0.0158  RankIC -0.0111  (10s)
  epoch  13  train loss -0.1668  valid IC -0.0287  RankIC -0.0227  (10s)
  epoch  14  train loss -0.1811  valid IC -0.0263  RankIC -0.0070  (10s)
  epoch  15  train loss -0.1899  valid IC -0.0120  RankIC -0.0064  (10s)
  early stop: 10 epochs without improvement
  kept epoch 5 of 16; test IC +0.0253 RankIC +0.0301 MSE 2.9259 (167s) -> D:\CodeProjects\master-thesis\code\results\Regression\FinFormer\dji\sl20_pl5\seed42\y2020
