train_rolling: models=['FactorVAE'] universes=['dji', 'nasdaq100', 'sx5e'] years=[2020, 2021, 2022, 2023, 2024] seeds=[0, 5] T=20 L=5 clean=True
[1/30]
FactorVAE dji y2020 seed 0 (T=20, L=5, clean=True) on cuda: FactorVAE (train.py main): keep the weights of the lowest validation loss (the VAE loss)
  days: {'train': 1006, 'valid': 252, 'test': 253}
  epoch   0  train loss 1.2112  valid IC -0.0752  RankIC -0.0885  *  (133s)
  epoch   1  train loss 0.8893  valid IC -0.0413  RankIC -0.0466  *  (131s)
  epoch   2  train loss 0.8561  valid IC +0.0104  RankIC +0.0082  (131s)
  epoch   3  train loss 0.7935  valid IC -0.0111  RankIC -0.0092  (132s)
  epoch   4  train loss 0.6911  valid IC +0.0053  RankIC +0.0071  (130s)
  epoch   5  train loss 0.5879  valid IC -0.0022  RankIC -0.0054  (130s)
  epoch   6  train loss 0.5125  valid IC -0.0114  RankIC -0.0166  (132s)
  epoch   7  train loss 0.4546  valid IC -0.0153  RankIC -0.0162  (138s)
  epoch   8  train loss 0.4056  valid IC -0.0118  RankIC -0.0180  (133s)
  epoch   9  train loss 0.3686  valid IC -0.0036  RankIC +0.0005  (132s)
  epoch  10  train loss 0.3493  valid IC -0.0145  RankIC -0.0159  (139s)
  epoch  11  train loss 0.3161  valid IC -0.0169  RankIC -0.0180  (132s)
  epoch  12  train loss 0.2914  valid IC -0.0026  RankIC -0.0044  (132s)
  epoch  13  train loss 0.2739  valid IC -0.0090  RankIC -0.0065  (132s)
  epoch  14  train loss 0.2561  valid IC -0.0061  RankIC -0.0032  (133s)
  epoch  15  train loss 0.2482  valid IC -0.0063  RankIC -0.0057  (137s)
  epoch  16  train loss 0.2310  valid IC -0.0015  RankIC -0.0017  (132s)
  epoch  17  train loss 0.2226  valid IC -0.0044  RankIC -0.0069  (132s)
  epoch  18  train loss 0.2127  valid IC -0.0032  RankIC -0.0011  (136s)
  epoch  19  train loss 0.2010  valid IC -0.0038  RankIC -0.0049  (133s)
  epoch  20  train loss 0.1959  valid IC -0.0059  RankIC -0.0044  (134s)
  epoch  21  train loss 0.1912  valid IC -0.0056  RankIC -0.0045  (133s)
  epoch  22  train loss 0.1840  valid IC -0.0064  RankIC -0.0063  (134s)
  epoch  23  train loss 0.1798  valid IC -0.0050  RankIC -0.0051  (133s)
  epoch  24  train loss 0.1776  valid IC -0.0041  RankIC -0.0057  (129s)
  epoch  25  train loss 0.1737  valid IC -0.0046  RankIC -0.0045  (133s)
  epoch  26  train loss 0.1721  valid IC -0.0043  RankIC -0.0054  (136s)
  epoch  27  train loss 0.1704  valid IC -0.0033  RankIC -0.0035  (137s)
  epoch  28  train loss 0.1690  valid IC -0.0044  RankIC -0.0046  (137s)
  epoch  29  train loss 0.1684  valid IC -0.0044  RankIC -0.0045  (136s)
  kept epoch 1 of 30; test IC +0.0220 RankIC +0.0449 MSE 0.8533 (4020s) -> D:\CodeProjects\master-thesis\code\results\Regression\FactorVAE\dji\sl20_pl5\seed0\y2020
[2/30]
FactorVAE dji y2020 seed 5 (T=20, L=5, clean=True) on cuda: FactorVAE (train.py main): keep the weights of the lowest validation loss (the VAE loss)
  days: {'train': 1006, 'valid': 252, 'test': 253}
  epoch   0  train loss 1.1912  valid IC -0.0085  RankIC -0.0170  *  (136s)
  epoch   1  train loss 0.8843  valid IC -0.0273  RankIC -0.0260  *  (137s)
  epoch   2  train loss 0.8540  valid IC -0.0045  RankIC -0.0128  (135s)
  epoch   3  train loss 0.7890  valid IC +0.0056  RankIC +0.0011  (137s)
  epoch   4  train loss 0.6981  valid IC -0.0194  RankIC -0.0166  (137s)
  epoch   5  train loss 0.6104  valid IC -0.0161  RankIC -0.0168  (137s)
  epoch   6  train loss 0.5402  valid IC -0.0183  RankIC -0.0213  (137s)
  epoch   7  train loss 0.4786  valid IC -0.0172  RankIC -0.0197  (137s)
  epoch   8  train loss 0.4297  valid IC -0.0178  RankIC -0.0213  (135s)
  epoch   9  train loss 0.3930  valid IC -0.0137  RankIC -0.0192  (136s)
  epoch  10  train loss 0.3669  valid IC -0.0353  RankIC -0.0434  (137s)
  epoch  11  train loss 0.3363  valid IC -0.0197  RankIC -0.0312  (137s)
  epoch  12  train loss 0.3073  valid IC -0.0232  RankIC -0.0305  (137s)
  epoch  13  train loss 0.3007  valid IC -0.0210  RankIC -0.0327  (138s)
  epoch  14  train loss 0.2767  valid IC -0.0110  RankIC -0.0250  (136s)
  epoch  15  train loss 0.2629  valid IC -0.0265  RankIC -0.0385  (139s)
  epoch  16  train loss 0.2492  valid IC -0.0175  RankIC -0.0314  (140s)
  epoch  17  train loss 0.2380  valid IC -0.0051  RankIC -0.0167  (140s)
  epoch  18  train loss 0.2292  valid IC -0.0073  RankIC -0.0230  (140s)
  epoch  19  train loss 0.2202  valid IC -0.0115  RankIC -0.0287  (140s)
  epoch  20  train loss 0.2135  valid IC -0.0083  RankIC -0.0198  (140s)
  epoch  21  train loss 0.2060  valid IC -0.0085  RankIC -0.0246  (139s)
  epoch  22  train loss 0.2014  valid IC -0.0051  RankIC -0.0218  (140s)
  epoch  23  train loss 0.1958  valid IC -0.0055  RankIC -0.0221  (140s)
  epoch  24  train loss 0.1922  valid IC -0.0063  RankIC -0.0211  (140s)
  epoch  25  train loss 0.1889  valid IC -0.0037  RankIC -0.0193  (140s)
  epoch  26  train loss 0.1860  valid IC -0.0048  RankIC -0.0192  (140s)
  epoch  27  train loss 0.1850  valid IC -0.0038  RankIC -0.0193  (141s)
