2026-10-06 21:01:01  train_rolling: models=['MASTER'] universes=['dji'] years=[2020] seeds=[42] T=20 L=5 clean=True
2026-10-06 21:01:01  [1/1]
2026-10-06 21:01:01  MASTER dji y2020 seed 42 (T=20, L=5, clean=True) on cuda: MASTER (base_model.py fit): stop after the first epoch whose training loss is at most train_stop_loss_thred, keep the last weights
2026-10-06 21:01:05    days: {'train': 982, 'valid': 252, 'test': 253}
2026-10-06 21:01:13    epoch   0  train loss 1.0986  valid IC -0.0312  RankIC -0.0340  (9s)
2026-10-06 21:01:21    epoch   1  train loss 1.0238  valid IC -0.0285  RankIC -0.0317  (8s)
2026-10-06 21:01:30    epoch   2  train loss 0.9964  valid IC -0.0187  RankIC -0.0235  (8s)
2026-10-06 21:01:38    epoch   3  train loss 0.9796  valid IC -0.0207  RankIC -0.0306  (8s)
2026-10-06 21:01:46    epoch   4  train loss 0.9677  valid IC -0.0281  RankIC -0.0364  (8s)
2026-10-06 21:01:54    epoch   5  train loss 0.9594  valid IC -0.0169  RankIC -0.0262  (8s)
2026-10-06 21:02:02    epoch   6  train loss 0.9471  valid IC -0.0246  RankIC -0.0345  (8s)
2026-10-06 21:02:03    kept epoch 6 of 7; test IC +0.0435 RankIC +0.0529 MSE 0.9766 (62s) -> D:\CodeProjects\master-thesis\code\results\Regression\MASTER\dji\sl20_pl5\seed42\y2020
2026-10-06 21:02:58  train_rolling: models=['MATCC', 'FactorVAE', 'HIST', 'DiscoverPLF', 'FinFormer'] universes=['dji'] years=[2020] seeds=[42] T=20 L=5 clean=True
2026-10-06 21:02:58  [1/5]
2026-10-06 21:02:58  MATCC dji y2020 seed 42 (T=20, L=5, clean=True) on cuda: MATCC (train.py): train n_epochs, keep the last weights
2026-10-06 21:03:02    days: {'train': 982, 'valid': 252, 'test': 253}
2026-10-06 21:03:13    epoch   0  train loss 1.0543  valid IC -0.0302  RankIC -0.0253  (11s)
2026-10-06 21:03:24    epoch   1  train loss 0.9707  valid IC +0.0143  RankIC +0.0123  (11s)
2026-10-06 21:03:35    epoch   2  train loss 0.8897  valid IC +0.0003  RankIC -0.0063  (11s)
2026-10-06 21:03:46    epoch   3  train loss 0.7672  valid IC +0.0151  RankIC +0.0192  (11s)
2026-10-06 21:03:56    epoch   4  train loss 0.6152  valid IC +0.0026  RankIC +0.0076  (11s)
2026-10-06 21:04:07    epoch   5  train loss 0.4856  valid IC -0.0138  RankIC -0.0091  (11s)
2026-10-06 21:04:18    epoch   6  train loss 0.3963  valid IC +0.0263  RankIC +0.0272  (11s)
2026-10-06 21:04:29    epoch   7  train loss 0.3441  valid IC +0.0051  RankIC +0.0137  (11s)
2026-10-06 21:04:39    epoch   8  train loss 0.3111  valid IC +0.0039  RankIC +0.0112  (11s)
2026-10-06 21:04:50    epoch   9  train loss 0.2911  valid IC +0.0073  RankIC +0.0128  (11s)
2026-10-06 21:05:01    epoch  10  train loss 0.2918  valid IC +0.0230  RankIC +0.0297  (11s)
2026-10-06 21:05:12    epoch  11  train loss 0.2794  valid IC -0.0236  RankIC -0.0089  (11s)
2026-10-06 21:05:23    epoch  12  train loss 0.2582  valid IC -0.0055  RankIC +0.0087  (11s)
2026-10-06 21:05:33    epoch  13  train loss 0.2322  valid IC -0.0065  RankIC +0.0083  (11s)
2026-10-06 21:05:44    epoch  14  train loss 0.2114  valid IC +0.0010  RankIC +0.0177  (11s)
2026-10-06 21:05:55    epoch  15  train loss 0.1922  valid IC -0.0023  RankIC +0.0100  (11s)
2026-10-06 21:06:06    epoch  16  train loss 0.1735  valid IC -0.0024  RankIC +0.0143  (11s)
2026-10-06 21:06:16    epoch  17  train loss 0.1575  valid IC +0.0051  RankIC +0.0167  (11s)
2026-10-06 21:06:27    epoch  18  train loss 0.1327  valid IC +0.0085  RankIC +0.0280  (11s)
2026-10-06 21:06:38    epoch  19  train loss 0.1155  valid IC +0.0013  RankIC +0.0165  (11s)
2026-10-06 21:06:49    epoch  20  train loss 0.0975  valid IC -0.0105  RankIC +0.0059  (11s)
2026-10-06 21:06:59    epoch  21  train loss 0.0836  valid IC -0.0062  RankIC +0.0098  (11s)
2026-10-06 21:07:10    epoch  22  train loss 0.0703  valid IC -0.0107  RankIC +0.0088  (11s)
2026-10-06 21:07:21    epoch  23  train loss 0.0595  valid IC -0.0016  RankIC +0.0158  (11s)
2026-10-06 21:07:32    epoch  24  train loss 0.0520  valid IC -0.0057  RankIC +0.0103  (11s)
2026-10-06 21:07:42    epoch  25  train loss 0.0474  valid IC -0.0026  RankIC +0.0154  (11s)
2026-10-06 21:07:53    epoch  26  train loss 0.3254  valid IC +0.0109  RankIC +0.0303  (11s)
2026-10-06 21:08:04    epoch  27  train loss 0.2021  valid IC -0.0115  RankIC -0.0029  (11s)
2026-10-06 21:08:15    epoch  28  train loss 0.1768  valid IC +0.0142  RankIC +0.0257  (11s)
2026-10-06 21:08:25    epoch  29  train loss 0.1662  valid IC +0.0124  RankIC +0.0229  (11s)
2026-10-06 21:08:36    epoch  30  train loss 0.1528  valid IC -0.0106  RankIC +0.0088  (11s)
2026-10-06 21:08:47    epoch  31  train loss 0.1383  valid IC +0.0034  RankIC +0.0178  (11s)
2026-10-06 21:08:58    epoch  32  train loss 0.1205  valid IC +0.0142  RankIC +0.0293  (11s)
2026-10-06 21:09:08    epoch  33  train loss 0.1107  valid IC -0.0064  RankIC +0.0094  (11s)
2026-10-06 21:09:19    epoch  34  train loss 0.0934  valid IC -0.0093  RankIC +0.0100  (11s)
2026-10-06 21:09:30    epoch  35  train loss 0.0786  valid IC -0.0039  RankIC +0.0155  (11s)
2026-10-06 21:09:41    epoch  36  train loss 0.0674  valid IC +0.0006  RankIC +0.0194  (11s)
2026-10-06 21:09:51    epoch  37  train loss 0.0574  valid IC -0.0089  RankIC +0.0070  (11s)
2026-10-06 21:10:02    epoch  38  train loss 0.0490  valid IC -0.0080  RankIC +0.0082  (11s)
2026-10-06 21:10:13    epoch  39  train loss 0.0434  valid IC -0.0001  RankIC +0.0173  (11s)
2026-10-06 21:10:24    epoch  40  train loss 0.0395  valid IC -0.0038  RankIC +0.0121  (11s)
2026-10-06 21:10:34    epoch  41  train loss 0.3137  valid IC -0.0056  RankIC +0.0163  (11s)
2026-10-06 21:10:45    epoch  42  train loss 0.1752  valid IC -0.0092  RankIC +0.0050  (11s)
2026-10-06 21:10:56    epoch  43  train loss 0.1592  valid IC +0.0101  RankIC +0.0280  (11s)
2026-10-06 21:11:06    epoch  44  train loss 0.1522  valid IC -0.0156  RankIC +0.0077  (11s)
2026-10-06 21:11:17    epoch  45  train loss 0.1354  valid IC -0.0077  RankIC +0.0076  (11s)
2026-10-06 21:11:28    epoch  46  train loss 0.1213  valid IC +0.0060  RankIC +0.0231  (11s)
2026-10-06 21:11:39    epoch  47  train loss 0.1102  valid IC -0.0069  RankIC +0.0128  (11s)
2026-10-06 21:11:49    epoch  48  train loss 0.0960  valid IC +0.0003  RankIC +0.0200  (11s)
2026-10-06 21:12:00    epoch  49  train loss 0.0812  valid IC -0.0021  RankIC +0.0197  (11s)
2026-10-06 21:12:11    epoch  50  train loss 0.0685  valid IC -0.0066  RankIC +0.0128  (11s)
2026-10-06 21:12:22    epoch  51  train loss 0.0593  valid IC +0.0104  RankIC +0.0284  (11s)
2026-10-06 21:12:32    epoch  52  train loss 0.0494  valid IC -0.0042  RankIC +0.0139  (11s)
2026-10-06 21:12:43    epoch  53  train loss 0.0425  valid IC +0.0067  RankIC +0.0230  (11s)
2026-10-06 21:12:54    epoch  54  train loss 0.0379  valid IC -0.0004  RankIC +0.0187  (11s)
2026-10-06 21:13:05    epoch  55  train loss 0.0344  valid IC +0.0006  RankIC +0.0191  (11s)
2026-10-06 21:13:15    epoch  56  train loss 0.2917  valid IC +0.0048  RankIC +0.0202  (11s)
2026-10-06 21:13:26    epoch  57  train loss 0.1542  valid IC +0.0106  RankIC +0.0275  (11s)
2026-10-06 21:13:37    epoch  58  train loss 0.1441  valid IC +0.0162  RankIC +0.0342  (11s)
2026-10-06 21:13:48    epoch  59  train loss 0.1326  valid IC -0.0151  RankIC +0.0062  (11s)
2026-10-06 21:13:59    epoch  60  train loss 0.1234  valid IC -0.0144  RankIC +0.0136  (11s)
2026-10-06 21:14:09    epoch  61  train loss 0.1081  valid IC +0.0033  RankIC +0.0296  (11s)
2026-10-06 21:14:20    epoch  62  train loss 0.0973  valid IC +0.0099  RankIC +0.0311  (11s)
2026-10-06 21:14:31    epoch  63  train loss 0.0857  valid IC -0.0150  RankIC +0.0139  (11s)
2026-10-06 21:14:41    epoch  64  train loss 0.0745  valid IC -0.0120  RankIC +0.0149  (11s)
2026-10-06 21:14:52    epoch  65  train loss 0.0613  valid IC -0.0131  RankIC +0.0120  (11s)
2026-10-06 21:15:03    epoch  66  train loss 0.0519  valid IC -0.0039  RankIC +0.0246  (11s)
2026-10-06 21:15:14    epoch  67  train loss 0.0444  valid IC -0.0094  RankIC +0.0184  (11s)
2026-10-06 21:15:25    epoch  68  train loss 0.0380  valid IC -0.0020  RankIC +0.0291  (11s)
2026-10-06 21:15:36    epoch  69  train loss 0.0336  valid IC -0.0031  RankIC +0.0228  (11s)
2026-10-06 21:15:36    kept epoch 69 of 70; test IC +0.0069 RankIC +0.0248 MSE 1.6015 (759s) -> D:\CodeProjects\master-thesis\code\results\Regression\MATCC\dji\sl20_pl5\seed42\y2020
2026-10-06 21:15:36  [2/5]
2026-10-06 21:15:37  FactorVAE dji y2020 seed 42 (T=20, L=5, clean=True) on cuda: FactorVAE (train.py main): keep the weights of the lowest validation loss (the VAE loss)
2026-10-06 21:15:43    days: {'train': 1006, 'valid': 252, 'test': 253}
2026-10-06 21:17:22    epoch   0  train loss 1.2403  valid IC -0.0326  RankIC -0.0379  *  (99s)
2026-10-06 21:19:01    epoch   1  train loss 0.8881  valid IC -0.0301  RankIC -0.0276  *  (99s)
2026-10-06 21:20:40    epoch   2  train loss 0.8631  valid IC -0.0198  RankIC -0.0308  (99s)
2026-10-06 21:22:18    epoch   3  train loss 0.8112  valid IC +0.0110  RankIC -0.0101  (99s)
2026-10-06 21:23:57    epoch   4  train loss 0.7181  valid IC -0.0022  RankIC -0.0138  (99s)
2026-10-06 21:25:36    epoch   5  train loss 0.6178  valid IC +0.0001  RankIC -0.0035  (99s)
2026-10-06 21:27:15    epoch   6  train loss 0.5215  valid IC +0.0102  RankIC +0.0061  (99s)
2026-10-06 21:28:54    epoch   7  train loss 0.4527  valid IC +0.0002  RankIC -0.0045  (99s)
2026-10-06 21:30:34    epoch   8  train loss 0.4091  valid IC -0.0038  RankIC -0.0032  (99s)
2026-10-06 21:32:13    epoch   9  train loss 0.3643  valid IC +0.0187  RankIC +0.0199  (99s)
2026-10-06 21:33:52    epoch  10  train loss 0.3333  valid IC +0.0035  RankIC -0.0007  (99s)
2026-10-06 21:35:31    epoch  11  train loss 0.3042  valid IC +0.0171  RankIC +0.0106  (99s)
2026-10-06 21:37:10    epoch  12  train loss 0.2858  valid IC +0.0135  RankIC +0.0085  (99s)
2026-10-06 21:38:49    epoch  13  train loss 0.2695  valid IC +0.0008  RankIC -0.0041  (99s)
2026-10-06 21:40:28    epoch  14  train loss 0.2517  valid IC +0.0153  RankIC +0.0126  (99s)
2026-10-06 21:42:08    epoch  15  train loss 0.2406  valid IC +0.0105  RankIC +0.0133  (99s)
2026-10-06 21:43:47    epoch  16  train loss 0.2239  valid IC +0.0194  RankIC +0.0166  (100s)
2026-10-06 21:45:27    epoch  17  train loss 0.2152  valid IC +0.0120  RankIC +0.0083  (100s)
2026-10-06 21:47:06    epoch  18  train loss 0.2073  valid IC +0.0068  RankIC +0.0054  (100s)
2026-10-06 21:48:46    epoch  19  train loss 0.1960  valid IC +0.0130  RankIC +0.0133  (100s)
2026-10-06 21:50:26    epoch  20  train loss 0.1906  valid IC +0.0204  RankIC +0.0160  (100s)
2026-10-06 21:52:06    epoch  21  train loss 0.1850  valid IC +0.0216  RankIC +0.0159  (100s)
2026-10-06 21:53:45    epoch  22  train loss 0.1806  valid IC +0.0113  RankIC +0.0088  (100s)
2026-10-06 21:55:25    epoch  23  train loss 0.1745  valid IC +0.0147  RankIC +0.0142  (100s)
2026-10-06 21:57:04    epoch  24  train loss 0.1715  valid IC +0.0184  RankIC +0.0156  (99s)
2026-10-06 21:58:44    epoch  25  train loss 0.1696  valid IC +0.0177  RankIC +0.0154  (100s)
2026-10-06 22:00:24    epoch  26  train loss 0.1671  valid IC +0.0191  RankIC +0.0171  (100s)
2026-10-06 22:02:03    epoch  27  train loss 0.1657  valid IC +0.0196  RankIC +0.0173  (99s)
2026-10-06 22:03:43    epoch  28  train loss 0.1655  valid IC +0.0190  RankIC +0.0170  (99s)
2026-10-06 22:05:22    epoch  29  train loss 0.1652  valid IC +0.0190  RankIC +0.0171  (100s)
2026-10-06 22:05:31    kept epoch 1 of 30; test IC +0.0123 RankIC +0.0501 MSE 0.8532 (2995s) -> D:\CodeProjects\master-thesis\code\results\Regression\FactorVAE\dji\sl20_pl5\seed42\y2020
2026-10-06 22:05:31  [3/5]
2026-10-06 22:05:31  HIST dji y2020 seed 42 (T=20, L=5, clean=True) on cuda: HIST, DiscoverPLF (train.py main): from eval_from_epoch on, evaluate the average of the last smooth_steps epochs' weights; keep the average with the best validation IC (daily mean); stop after early_stop epochs without improvement
2026-10-06 22:05:40    days: {'train': 1001, 'valid': 252, 'test': 253}
2026-10-06 22:05:48    epoch   0  train loss 0.9648  valid IC -0.0018  RankIC -0.0019  *  (9s)
2026-10-06 22:05:57    epoch   1  train loss 0.9637  valid IC -0.0013  RankIC -0.0050  *  (9s)
2026-10-06 22:06:05    epoch   2  train loss 0.9633  valid IC -0.0007  RankIC -0.0028  *  (9s)
2026-10-06 22:06:14    epoch   3  train loss 0.9632  valid IC -0.0041  RankIC -0.0069  (9s)
2026-10-06 22:06:23    epoch   4  train loss 0.9628  valid IC -0.0017  RankIC -0.0004  (9s)
2026-10-06 22:06:32    epoch   5  train loss 0.9618  valid IC +0.0013  RankIC +0.0066  *  (9s)
2026-10-06 22:06:40    epoch   6  train loss 0.9604  valid IC +0.0040  RankIC +0.0128  *  (9s)
2026-10-06 22:06:49    epoch   7  train loss 0.9589  valid IC +0.0166  RankIC +0.0294  *  (9s)
2026-10-06 22:06:58    epoch   8  train loss 0.9568  valid IC +0.0190  RankIC +0.0308  *  (9s)
2026-10-06 22:07:06    epoch   9  train loss 0.9545  valid IC +0.0159  RankIC +0.0227  (9s)
2026-10-06 22:07:15    epoch  10  train loss 0.9520  valid IC +0.0139  RankIC +0.0201  (9s)
2026-10-06 22:07:24    epoch  11  train loss 0.9512  valid IC +0.0044  RankIC +0.0104  (9s)
2026-10-06 22:07:32    epoch  12  train loss 0.9482  valid IC -0.0037  RankIC +0.0056  (9s)
2026-10-06 22:07:41    epoch  13  train loss 0.9449  valid IC -0.0045  RankIC +0.0063  (9s)
2026-10-06 22:07:50    epoch  14  train loss 0.9418  valid IC -0.0079  RankIC +0.0030  (9s)
2026-10-06 22:07:58    epoch  15  train loss 0.9380  valid IC -0.0136  RankIC -0.0040  (9s)
2026-10-06 22:08:07    epoch  16  train loss 0.9360  valid IC -0.0211  RankIC -0.0108  (9s)
2026-10-06 22:08:16    epoch  17  train loss 0.9312  valid IC -0.0228  RankIC -0.0099  (9s)
2026-10-06 22:08:24    epoch  18  train loss 0.9297  valid IC -0.0267  RankIC -0.0146  (9s)
2026-10-06 22:08:33    epoch  19  train loss 0.9257  valid IC -0.0242  RankIC -0.0119  (9s)
2026-10-06 22:08:42    epoch  20  train loss 0.9215  valid IC -0.0193  RankIC -0.0059  (9s)
2026-10-06 22:08:50    epoch  21  train loss 0.9187  valid IC -0.0182  RankIC -0.0065  (9s)
2026-10-06 22:08:59    epoch  22  train loss 0.9155  valid IC -0.0173  RankIC -0.0082  (9s)
2026-10-06 22:09:08    epoch  23  train loss 0.9108  valid IC -0.0131  RankIC -0.0055  (9s)
2026-10-06 22:09:16    epoch  24  train loss 0.9090  valid IC -0.0128  RankIC -0.0058  (9s)
2026-10-06 22:09:25    epoch  25  train loss 0.9036  valid IC -0.0105  RankIC -0.0020  (9s)
2026-10-06 22:09:34    epoch  26  train loss 0.9006  valid IC -0.0084  RankIC -0.0041  (9s)
2026-10-06 22:09:42    epoch  27  train loss 0.8941  valid IC -0.0095  RankIC -0.0031  (9s)
2026-10-06 22:09:51    epoch  28  train loss 0.8878  valid IC -0.0069  RankIC +0.0014  (9s)
2026-10-06 22:10:00    epoch  29  train loss 0.8866  valid IC -0.0085  RankIC -0.0006  (9s)
2026-10-06 22:10:09    epoch  30  train loss 0.8771  valid IC -0.0066  RankIC +0.0033  (9s)
2026-10-06 22:10:17    epoch  31  train loss 0.8721  valid IC -0.0055  RankIC +0.0066  (9s)
2026-10-06 22:10:26    epoch  32  train loss 0.8710  valid IC -0.0042  RankIC +0.0060  (9s)
2026-10-06 22:10:35    epoch  33  train loss 0.8599  valid IC -0.0080  RankIC +0.0039  (9s)
2026-10-06 22:10:43    epoch  34  train loss 0.8554  valid IC -0.0037  RankIC +0.0087  (9s)
2026-10-06 22:10:52    epoch  35  train loss 0.8460  valid IC -0.0039  RankIC +0.0073  (9s)
2026-10-06 22:11:01    epoch  36  train loss 0.8451  valid IC -0.0053  RankIC +0.0073  (9s)
2026-10-06 22:11:09    epoch  37  train loss 0.8339  valid IC -0.0030  RankIC +0.0077  (9s)
2026-10-06 22:11:18    epoch  38  train loss 0.8249  valid IC +0.0016  RankIC +0.0144  (9s)
2026-10-06 22:11:18    early stop: 30 epochs without improvement
2026-10-06 22:11:19    kept epoch 8 of 39; test IC +0.0376 RankIC +0.0365 MSE 0.9632 (348s) -> D:\CodeProjects\master-thesis\code\results\Regression\HIST\dji\sl20_pl5\seed42\y2020
2026-10-06 22:11:19  [4/5]
2026-10-06 22:11:19  DiscoverPLF dji y2020 seed 42 (T=20, L=5, clean=True) on cuda: HIST, DiscoverPLF (train.py main): from eval_from_epoch on, evaluate the average of the last smooth_steps epochs' weights; keep the average with the best validation IC (daily mean); stop after early_stop epochs without improvement
2026-10-06 22:11:27    days: {'train': 1001, 'valid': 252, 'test': 253}
2026-10-06 22:18:22    epoch  20  train loss 0.8852  valid IC +0.0109  RankIC +0.0151  *  (21s)
2026-10-06 22:18:44    epoch  21  train loss 0.8661  valid IC +0.0114  RankIC +0.0174  *  (21s)
2026-10-06 22:19:05    epoch  22  train loss 0.8521  valid IC +0.0106  RankIC +0.0145  (21s)
2026-10-06 22:19:26    epoch  23  train loss 0.8308  valid IC +0.0159  RankIC +0.0212  *  (21s)
2026-10-06 22:19:48    epoch  24  train loss 0.8153  valid IC +0.0148  RankIC +0.0215  (22s)
2026-10-06 22:20:09    epoch  25  train loss 0.8029  valid IC +0.0134  RankIC +0.0164  (21s)
2026-10-06 22:20:30    epoch  26  train loss 0.7822  valid IC +0.0078  RankIC +0.0121  (21s)
2026-10-06 22:20:51    epoch  27  train loss 0.7588  valid IC +0.0086  RankIC +0.0159  (21s)
2026-10-06 22:21:13    epoch  28  train loss 0.7488  valid IC +0.0033  RankIC +0.0134  (21s)
2026-10-06 22:21:34    epoch  29  train loss 0.7294  valid IC +0.0002  RankIC +0.0093  (21s)
2026-10-06 22:21:55    epoch  30  train loss 0.7498  valid IC +0.0024  RankIC +0.0115  (21s)
2026-10-06 22:22:17    epoch  31  train loss 0.7326  valid IC +0.0060  RankIC +0.0141  (21s)
2026-10-06 22:22:38    epoch  32  train loss 0.7161  valid IC +0.0025  RankIC +0.0120  (21s)
2026-10-06 22:22:59    epoch  33  train loss 0.6989  valid IC +0.0013  RankIC +0.0113  (21s)
2026-10-06 22:23:20    epoch  34  train loss 0.6803  valid IC +0.0026  RankIC +0.0105  (21s)
2026-10-06 22:23:41    epoch  35  train loss 0.6764  valid IC +0.0045  RankIC +0.0131  (21s)
2026-10-06 22:24:02    epoch  36  train loss 0.6548  valid IC -0.0014  RankIC +0.0076  (21s)
2026-10-06 22:24:24    epoch  37  train loss 0.6451  valid IC +0.0008  RankIC +0.0104  (21s)
2026-10-06 22:24:45    epoch  38  train loss 0.6377  valid IC +0.0020  RankIC +0.0125  (21s)
2026-10-06 22:25:06    epoch  39  train loss 0.6028  valid IC +0.0053  RankIC +0.0172  (21s)
2026-10-06 22:25:28    epoch  40  train loss 0.5970  valid IC +0.0014  RankIC +0.0133  (21s)
2026-10-06 22:25:49    epoch  41  train loss 0.5838  valid IC +0.0042  RankIC +0.0132  (21s)
2026-10-06 22:26:10    epoch  42  train loss 0.5694  valid IC +0.0049  RankIC +0.0139  (21s)
2026-10-06 22:26:32    epoch  43  train loss 0.5540  valid IC +0.0079  RankIC +0.0178  (21s)
2026-10-06 22:26:53    epoch  44  train loss 0.5438  valid IC +0.0079  RankIC +0.0170  (21s)
2026-10-06 22:27:14    epoch  45  train loss 0.5282  valid IC +0.0116  RankIC +0.0198  (21s)
2026-10-06 22:27:35    epoch  46  train loss 0.5258  valid IC +0.0107  RankIC +0.0240  (21s)
2026-10-06 22:27:57    epoch  47  train loss 0.5066  valid IC +0.0120  RankIC +0.0277  (21s)
2026-10-06 22:28:18    epoch  48  train loss 0.4987  valid IC +0.0126  RankIC +0.0271  (21s)
2026-10-06 22:28:18    early stop: 25 epochs without improvement
2026-10-06 22:28:19    kept epoch 23 of 49; test IC -0.0073 RankIC +0.0087 MSE 1.1764 (1021s) -> D:\CodeProjects\master-thesis\code\results\Regression\DiscoverPLF\dji\sl20_pl5\seed42\y2020
2026-10-06 22:28:19  [5/5]
2026-10-06 22:28:19  FinFormer dji y2020 seed 42 (T=20, L=5, clean=True) on cuda: FinFormer (finformer.py fit): keep the weights of the best validation IC pooled over all stock-days; stop after early_stop epochs without improvement
2026-10-06 22:28:27    days: {'train': 1001, 'valid': 252, 'test': 253}
2026-10-06 22:28:37    epoch   0  train loss -0.0081  valid IC -0.0071  RankIC -0.0077  *  (10s)
2026-10-06 22:28:47    epoch   1  train loss -0.0342  valid IC -0.0036  RankIC +0.0001  *  (10s)
2026-10-06 22:28:57    epoch   2  train loss -0.0523  valid IC -0.0098  RankIC -0.0059  (10s)
2026-10-06 22:29:07    epoch   3  train loss -0.0672  valid IC -0.0159  RankIC -0.0059  (10s)
2026-10-06 22:29:17    epoch   4  train loss -0.0811  valid IC -0.0038  RankIC +0.0009  *  (10s)
2026-10-06 22:29:26    epoch   5  train loss -0.0959  valid IC -0.0015  RankIC +0.0049  *  (10s)
2026-10-06 22:29:36    epoch   6  train loss -0.1095  valid IC -0.0184  RankIC -0.0110  (10s)
2026-10-06 22:29:46    epoch   7  train loss -0.1216  valid IC -0.0091  RankIC -0.0013  (10s)
2026-10-06 22:29:56    epoch   8  train loss -0.1291  valid IC -0.0121  RankIC -0.0058  (10s)
2026-10-06 22:30:06    epoch   9  train loss -0.1365  valid IC -0.0103  RankIC +0.0040  (10s)
2026-10-06 22:30:16    epoch  10  train loss -0.1475  valid IC -0.0275  RankIC -0.0145  (10s)
2026-10-06 22:30:26    epoch  11  train loss -0.1620  valid IC -0.0224  RankIC -0.0215  (10s)
2026-10-06 22:30:36    epoch  12  train loss -0.1722  valid IC -0.0158  RankIC -0.0111  (10s)
2026-10-06 22:30:45    epoch  13  train loss -0.1668  valid IC -0.0287  RankIC -0.0227  (10s)
2026-10-06 22:30:55    epoch  14  train loss -0.1811  valid IC -0.0263  RankIC -0.0070  (10s)
2026-10-06 22:31:05    epoch  15  train loss -0.1899  valid IC -0.0120  RankIC -0.0064  (10s)
2026-10-06 22:31:05    early stop: 10 epochs without improvement
2026-10-06 22:31:06    kept epoch 5 of 16; test IC +0.0253 RankIC +0.0301 MSE 2.9259 (167s) -> D:\CodeProjects\master-thesis\code\results\Regression\FinFormer\dji\sl20_pl5\seed42\y2020
2026-10-06 22:31:47  train_rolling: models=['MASTER', 'MATCC', 'HIST', 'DiscoverPLF', 'FinFormer'] universes=['dji', 'nasdaq100', 'sx5e'] years=[2020, 2021, 2022, 2023, 2024] seeds=[42] T=20 L=5 clean=True
2026-10-06 22:31:47  [1/75] done already: D:\CodeProjects\master-thesis\code\results\Regression\MASTER\dji\sl20_pl5\seed42\y2020
2026-10-06 22:31:47  [2/75]
2026-10-06 22:31:47  MASTER dji y2021 seed 42 (T=20, L=5, clean=True) on cuda: MASTER (base_model.py fit): stop after the first epoch whose training loss is at most train_stop_loss_thred, keep the last weights
2026-10-06 22:31:51    days: {'train': 982, 'valid': 253, 'test': 252}
2026-10-06 22:31:59    epoch   0  train loss 1.1012  valid IC -0.0102  RankIC -0.0089  (8s)
2026-10-06 22:32:08    epoch   1  train loss 1.0219  valid IC -0.0007  RankIC +0.0039  (8s)
2026-10-06 22:32:16    epoch   2  train loss 0.9953  valid IC +0.0146  RankIC +0.0196  (8s)
2026-10-06 22:32:24    epoch   3  train loss 0.9819  valid IC +0.0254  RankIC +0.0307  (8s)
2026-10-06 22:32:32    epoch   4  train loss 0.9652  valid IC +0.0178  RankIC +0.0234  (8s)
2026-10-06 22:32:40    epoch   5  train loss 0.9540  valid IC +0.0259  RankIC +0.0319  (8s)
2026-10-06 22:32:48    epoch   6  train loss 0.9480  valid IC +0.0333  RankIC +0.0387  (8s)
2026-10-06 22:32:49    kept epoch 6 of 7; test IC -0.0067 RankIC -0.0109 MSE 0.9832 (62s) -> D:\CodeProjects\master-thesis\code\results\Regression\MASTER\dji\sl20_pl5\seed42\y2021
2026-10-06 22:32:49  [3/75]
2026-10-06 22:32:49  MASTER dji y2022 seed 42 (T=20, L=5, clean=True) on cuda: MASTER (base_model.py fit): stop after the first epoch whose training loss is at most train_stop_loss_thred, keep the last weights
2026-10-06 22:32:53    days: {'train': 983, 'valid': 252, 'test': 251}
2026-10-06 22:33:01    epoch   0  train loss 1.1054  valid IC -0.0319  RankIC -0.0342  (8s)
2026-10-06 22:33:09    epoch   1  train loss 1.0260  valid IC -0.0175  RankIC -0.0210  (8s)
2026-10-06 22:33:17    epoch   2  train loss 0.9946  valid IC -0.0194  RankIC -0.0247  (8s)
2026-10-06 22:33:25    epoch   3  train loss 0.9803  valid IC -0.0276  RankIC -0.0312  (8s)
2026-10-06 22:33:33    epoch   4  train loss 0.9665  valid IC -0.0139  RankIC -0.0148  (8s)
2026-10-06 22:33:41    epoch   5  train loss 0.9598  valid IC -0.0290  RankIC -0.0294  (8s)
2026-10-06 22:33:49    epoch   6  train loss 0.9508  valid IC -0.0297  RankIC -0.0314  (8s)
2026-10-06 22:33:57    epoch   7  train loss 0.9408  valid IC -0.0279  RankIC -0.0284  (8s)
2026-10-06 22:33:58    kept epoch 7 of 8; test IC +0.0017 RankIC -0.0002 MSE 0.9889 (69s) -> D:\CodeProjects\master-thesis\code\results\Regression\MASTER\dji\sl20_pl5\seed42\y2022
2026-10-06 22:33:58  [4/75]
2026-10-06 22:33:58  MASTER dji y2023 seed 42 (T=20, L=5, clean=True) on cuda: MASTER (base_model.py fit): stop after the first epoch whose training loss is at most train_stop_loss_thred, keep the last weights
2026-10-06 22:34:02    days: {'train': 984, 'valid': 251, 'test': 250}
2026-10-06 22:34:10    epoch   0  train loss 1.1028  valid IC -0.0119  RankIC -0.0147  (8s)
2026-10-06 22:34:18    epoch   1  train loss 1.0235  valid IC -0.0103  RankIC -0.0104  (8s)
2026-10-06 22:34:26    epoch   2  train loss 0.9943  valid IC -0.0135  RankIC -0.0163  (8s)
2026-10-06 22:34:35    epoch   3  train loss 0.9803  valid IC -0.0215  RankIC -0.0195  (8s)
2026-10-06 22:34:43    epoch   4  train loss 0.9682  valid IC -0.0164  RankIC -0.0153  (8s)
2026-10-06 22:34:51    epoch   5  train loss 0.9582  valid IC -0.0209  RankIC -0.0179  (8s)
2026-10-06 22:34:59    epoch   6  train loss 0.9479  valid IC -0.0128  RankIC -0.0089  (8s)
2026-10-06 22:35:00    kept epoch 6 of 7; test IC +0.0142 RankIC +0.0060 MSE 0.9796 (61s) -> D:\CodeProjects\master-thesis\code\results\Regression\MASTER\dji\sl20_pl5\seed42\y2023
2026-10-06 22:35:00  [5/75]
2026-10-06 22:35:00  MASTER dji y2024 seed 42 (T=20, L=5, clean=True) on cuda: MASTER (base_model.py fit): stop after the first epoch whose training loss is at most train_stop_loss_thred, keep the last weights
2026-10-06 22:35:03    days: {'train': 984, 'valid': 250, 'test': 252}
2026-10-06 22:35:12    epoch   0  train loss 1.1019  valid IC -0.0041  RankIC -0.0044  (8s)
2026-10-06 22:35:20    epoch   1  train loss 1.0236  valid IC -0.0045  RankIC +0.0007  (8s)
2026-10-06 22:35:28    epoch   2  train loss 0.9935  valid IC -0.0085  RankIC -0.0082  (8s)
2026-10-06 22:35:36    epoch   3  train loss 0.9820  valid IC -0.0010  RankIC +0.0003  (8s)
2026-10-06 22:35:45    epoch   4  train loss 0.9716  valid IC +0.0040  RankIC +0.0025  (8s)
2026-10-06 22:35:53    epoch   5  train loss 0.9604  valid IC -0.0045  RankIC +0.0008  (8s)
2026-10-06 22:36:01    epoch   6  train loss 0.9523  valid IC -0.0067  RankIC +0.0002  (8s)
2026-10-06 22:36:09    epoch   7  train loss 0.9426  valid IC -0.0043  RankIC -0.0060  (8s)
2026-10-06 22:36:10    kept epoch 7 of 8; test IC +0.0264 RankIC +0.0201 MSE 0.9745 (71s) -> D:\CodeProjects\master-thesis\code\results\Regression\MASTER\dji\sl20_pl5\seed42\y2024
2026-10-06 22:36:10  [6/75]
2026-10-06 22:36:10  MASTER nasdaq100 y2020 seed 42 (T=20, L=5, clean=True) on cuda: MASTER (base_model.py fit): stop after the first epoch whose training loss is at most train_stop_loss_thred, keep the last weights
2026-10-06 22:36:24    days: {'train': 982, 'valid': 252, 'test': 253}
2026-10-06 22:36:32    epoch   0  train loss 1.0996  valid IC -0.0163  RankIC -0.0170  (8s)
2026-10-06 22:36:41    epoch   1  train loss 1.0276  valid IC -0.0027  RankIC -0.0074  (9s)
2026-10-06 22:36:50    epoch   2  train loss 1.0079  valid IC +0.0190  RankIC +0.0095  (8s)
2026-10-06 22:36:58    epoch   3  train loss 0.9965  valid IC +0.0065  RankIC -0.0040  (8s)
2026-10-06 22:37:06    epoch   4  train loss 0.9902  valid IC +0.0182  RankIC +0.0122  (8s)
2026-10-06 22:37:15    epoch   5  train loss 0.9859  valid IC +0.0065  RankIC +0.0008  (8s)
2026-10-06 22:37:23    epoch   6  train loss 0.9824  valid IC +0.0219  RankIC +0.0164  (8s)
2026-10-06 22:37:32    epoch   7  train loss 0.9789  valid IC +0.0219  RankIC +0.0166  (8s)
2026-10-06 22:37:40    epoch   8  train loss 0.9763  valid IC +0.0232  RankIC +0.0195  (9s)
2026-10-06 22:37:49    epoch   9  train loss 0.9719  valid IC +0.0250  RankIC +0.0196  (8s)
2026-10-06 22:37:57    epoch  10  train loss 0.9687  valid IC +0.0328  RankIC +0.0256  (8s)
2026-10-06 22:38:06    epoch  11  train loss 0.9655  valid IC +0.0295  RankIC +0.0236  (8s)
2026-10-06 22:38:14    epoch  12  train loss 0.9621  valid IC +0.0201  RankIC +0.0167  (9s)
2026-10-06 22:38:23    epoch  13  train loss 0.9590  valid IC +0.0264  RankIC +0.0199  (8s)
2026-10-06 22:38:31    epoch  14  train loss 0.9555  valid IC +0.0306  RankIC +0.0239  (8s)
2026-10-06 22:38:40    epoch  15  train loss 0.9517  valid IC +0.0183  RankIC +0.0156  (9s)
2026-10-06 22:38:48    epoch  16  train loss 0.9486  valid IC +0.0344  RankIC +0.0241  (9s)
2026-10-06 22:38:49    kept epoch 16 of 17; test IC +0.0282 RankIC +0.0390 MSE 1.0105 (159s) -> D:\CodeProjects\master-thesis\code\results\Regression\MASTER\nasdaq100\sl20_pl5\seed42\y2020
2026-10-06 22:38:49  [7/75]
2026-10-06 22:38:49  MASTER nasdaq100 y2021 seed 42 (T=20, L=5, clean=True) on cuda: MASTER (base_model.py fit): stop after the first epoch whose training loss is at most train_stop_loss_thred, keep the last weights
2026-10-06 22:39:03    days: {'train': 982, 'valid': 253, 'test': 252}
2026-10-06 22:39:12    epoch   0  train loss 1.1005  valid IC +0.0215  RankIC +0.0161  (9s)
2026-10-06 22:39:20    epoch   1  train loss 1.0296  valid IC +0.0416  RankIC +0.0291  (8s)
2026-10-06 22:39:29    epoch   2  train loss 1.0081  valid IC +0.0386  RankIC +0.0365  (8s)
2026-10-06 22:39:37    epoch   3  train loss 0.9986  valid IC +0.0396  RankIC +0.0372  (9s)
2026-10-06 22:39:46    epoch   4  train loss 0.9915  valid IC +0.0580  RankIC +0.0485  (8s)
2026-10-06 22:39:54    epoch   5  train loss 0.9847  valid IC +0.0562  RankIC +0.0494  (8s)
2026-10-06 22:40:03    epoch   6  train loss 0.9804  valid IC +0.0600  RankIC +0.0479  (8s)
2026-10-06 22:40:11    epoch   7  train loss 0.9771  valid IC +0.0714  RankIC +0.0587  (9s)
2026-10-06 22:40:19    epoch   8  train loss 0.9744  valid IC +0.0693  RankIC +0.0586  (8s)
2026-10-06 22:40:28    epoch   9  train loss 0.9710  valid IC +0.0675  RankIC +0.0600  (8s)
2026-10-06 22:40:36    epoch  10  train loss 0.9684  valid IC +0.0694  RankIC +0.0607  (9s)
2026-10-06 22:40:45    epoch  11  train loss 0.9649  valid IC +0.0701  RankIC +0.0641  (9s)
2026-10-06 22:40:54    epoch  12  train loss 0.9595  valid IC +0.0772  RankIC +0.0687  (8s)
2026-10-06 22:41:02    epoch  13  train loss 0.9571  valid IC +0.0662  RankIC +0.0639  (8s)
2026-10-06 22:41:11    epoch  14  train loss 0.9529  valid IC +0.0718  RankIC +0.0655  (9s)
2026-10-06 22:41:19    epoch  15  train loss 0.9493  valid IC +0.0712  RankIC +0.0639  (8s)
2026-10-06 22:41:20    kept epoch 15 of 16; test IC +0.0137 RankIC +0.0110 MSE 1.0117 (150s) -> D:\CodeProjects\master-thesis\code\results\Regression\MASTER\nasdaq100\sl20_pl5\seed42\y2021
2026-10-06 22:41:20  [8/75]
2026-10-06 22:41:20  MASTER nasdaq100 y2022 seed 42 (T=20, L=5, clean=True) on cuda: MASTER (base_model.py fit): stop after the first epoch whose training loss is at most train_stop_loss_thred, keep the last weights
2026-10-06 22:41:34    days: {'train': 983, 'valid': 252, 'test': 251}
2026-10-06 22:41:42    epoch   0  train loss 1.1038  valid IC -0.0036  RankIC -0.0063  (9s)
2026-10-06 22:41:51    epoch   1  train loss 1.0311  valid IC -0.0109  RankIC -0.0117  (8s)
2026-10-06 22:41:59    epoch   2  train loss 1.0065  valid IC +0.0014  RankIC +0.0002  (8s)
2026-10-06 22:42:08    epoch   3  train loss 0.9956  valid IC +0.0021  RankIC +0.0073  (8s)
2026-10-06 22:42:16    epoch   4  train loss 0.9883  valid IC -0.0100  RankIC -0.0053  (8s)
2026-10-06 22:42:24    epoch   5  train loss 0.9828  valid IC +0.0001  RankIC +0.0071  (8s)
2026-10-06 22:42:33    epoch   6  train loss 0.9797  valid IC -0.0008  RankIC +0.0010  (8s)
2026-10-06 22:42:41    epoch   7  train loss 0.9754  valid IC +0.0052  RankIC +0.0096  (8s)
2026-10-06 22:42:50    epoch   8  train loss 0.9723  valid IC +0.0060  RankIC +0.0059  (8s)
2026-10-06 22:42:58    epoch   9  train loss 0.9680  valid IC +0.0071  RankIC +0.0059  (8s)
2026-10-06 22:43:07    epoch  10  train loss 0.9635  valid IC +0.0057  RankIC +0.0046  (8s)
2026-10-06 22:43:15    epoch  11  train loss 0.9581  valid IC +0.0022  RankIC +0.0037  (9s)
2026-10-06 22:43:24    epoch  12  train loss 0.9555  valid IC -0.0013  RankIC +0.0010  (8s)
2026-10-06 22:43:32    epoch  13  train loss 0.9517  valid IC +0.0019  RankIC -0.0019  (8s)
2026-10-06 22:43:41    epoch  14  train loss 0.9477  valid IC +0.0040  RankIC +0.0036  (9s)
2026-10-06 22:43:41    kept epoch 14 of 15; test IC +0.0155 RankIC +0.0102 MSE 1.0237 (142s) -> D:\CodeProjects\master-thesis\code\results\Regression\MASTER\nasdaq100\sl20_pl5\seed42\y2022
2026-10-06 22:43:41  [9/75]
2026-10-06 22:43:41  MASTER nasdaq100 y2023 seed 42 (T=20, L=5, clean=True) on cuda: MASTER (base_model.py fit): stop after the first epoch whose training loss is at most train_stop_loss_thred, keep the last weights
2026-10-06 22:43:55    days: {'train': 984, 'valid': 251, 'test': 250}
2026-10-06 22:44:03    epoch   0  train loss 1.1019  valid IC +0.0042  RankIC -0.0057  (8s)
2026-10-06 22:44:12    epoch   1  train loss 1.0326  valid IC +0.0086  RankIC +0.0038  (9s)
2026-10-06 22:44:20    epoch   2  train loss 1.0108  valid IC +0.0015  RankIC -0.0029  (8s)
2026-10-06 22:44:29    epoch   3  train loss 0.9962  valid IC -0.0210  RankIC -0.0286  (8s)
2026-10-06 22:44:37    epoch   4  train loss 0.9904  valid IC -0.0129  RankIC -0.0166  (8s)
2026-10-06 22:44:46    epoch   5  train loss 0.9846  valid IC -0.0216  RankIC -0.0262  (8s)
2026-10-06 22:44:54    epoch   6  train loss 0.9811  valid IC -0.0017  RankIC -0.0013  (8s)
2026-10-06 22:45:03    epoch   7  train loss 0.9767  valid IC -0.0024  RankIC -0.0033  (8s)
2026-10-06 22:45:11    epoch   8  train loss 0.9731  valid IC -0.0014  RankIC +0.0025  (9s)
2026-10-06 22:45:20    epoch   9  train loss 0.9700  valid IC -0.0111  RankIC -0.0062  (9s)
2026-10-06 22:45:28    epoch  10  train loss 0.9641  valid IC -0.0068  RankIC -0.0068  (9s)
2026-10-06 22:45:37    epoch  11  train loss 0.9614  valid IC -0.0048  RankIC +0.0019  (9s)
2026-10-06 22:45:45    epoch  12  train loss 0.9560  valid IC +0.0031  RankIC +0.0114  (8s)
2026-10-06 22:45:53    epoch  13  train loss 0.9530  valid IC -0.0120  RankIC -0.0071  (8s)
2026-10-06 22:46:01    epoch  14  train loss 0.9497  valid IC -0.0026  RankIC +0.0018  (8s)
2026-10-06 22:46:01    kept epoch 14 of 15; test IC -0.0002 RankIC +0.0070 MSE 1.0100 (140s) -> D:\CodeProjects\master-thesis\code\results\Regression\MASTER\nasdaq100\sl20_pl5\seed42\y2023
2026-10-06 22:46:01  [10/75]
2026-10-06 22:46:01  MASTER nasdaq100 y2024 seed 42 (T=20, L=5, clean=True) on cuda: MASTER (base_model.py fit): stop after the first epoch whose training loss is at most train_stop_loss_thred, keep the last weights
2026-10-06 22:46:16    days: {'train': 984, 'valid': 250, 'test': 252}
2026-10-06 22:46:24    epoch   0  train loss 1.1030  valid IC +0.0052  RankIC +0.0053  (8s)
2026-10-06 22:46:32    epoch   1  train loss 1.0327  valid IC -0.0047  RankIC -0.0001  (8s)
2026-10-06 22:46:41  train_rolling: models=['FactorVAE'] universes=['dji', 'nasdaq100', 'sx5e'] years=[2020, 2021, 2022, 2023, 2024] seeds=[42] T=20 L=5 clean=True
2026-10-06 22:46:41  [1/15] done already: D:\CodeProjects\master-thesis\code\results\Regression\FactorVAE\dji\sl20_pl5\seed42\y2020
2026-10-06 22:46:41  [2/15]
2026-10-06 22:46:41  FactorVAE dji y2021 seed 42 (T=20, L=5, clean=True) on cuda: FactorVAE (train.py main): keep the weights of the lowest validation loss (the VAE loss)
2026-10-06 22:46:42    epoch   2  train loss 1.0107  valid IC -0.0009  RankIC +0.0006  (10s)
2026-10-06 22:46:49    days: {'train': 1006, 'valid': 253, 'test': 252}
2026-10-06 22:46:52    epoch   3  train loss 0.9980  valid IC +0.0009  RankIC +0.0026  (10s)
2026-10-06 22:47:03    epoch   4  train loss 0.9909  valid IC -0.0054  RankIC +0.0014  (11s)
2026-10-06 22:47:15    epoch   5  train loss 0.9864  valid IC -0.0180  RankIC -0.0092  (11s)
2026-10-06 22:47:26    epoch   6  train loss 0.9815  valid IC +0.0007  RankIC +0.0033  (11s)
2026-10-06 22:47:38    epoch   7  train loss 0.9779  valid IC -0.0111  RankIC -0.0023  (12s)
2026-10-06 22:47:49    epoch   8  train loss 0.9735  valid IC -0.0050  RankIC +0.0008  (11s)
2026-10-06 22:48:01    epoch   9  train loss 0.9695  valid IC -0.0040  RankIC +0.0007  (11s)
2026-10-06 22:48:12    epoch  10  train loss 0.9641  valid IC -0.0039  RankIC +0.0032  (12s)
2026-10-06 22:48:24    epoch  11  train loss 0.9606  valid IC -0.0080  RankIC -0.0056  (12s)
2026-10-06 22:48:36    epoch  12  train loss 0.9567  valid IC -0.0081  RankIC -0.0057  (11s)
2026-10-06 22:48:47    epoch  13  train loss 0.9529  valid IC -0.0181  RankIC -0.0138  (11s)
2026-10-06 22:49:00    epoch  14  train loss 0.9488  valid IC -0.0082  RankIC -0.0049  (13s)
2026-10-06 22:49:01    kept epoch 14 of 15; test IC -0.0017 RankIC +0.0091 MSE 1.0137 (179s) -> D:\CodeProjects\master-thesis\code\results\Regression\MASTER\nasdaq100\sl20_pl5\seed42\y2024
2026-10-06 22:49:01  [11/75] skipped: no sx5e index members at the start of 2020
2026-10-06 22:49:01  [12/75]
2026-10-06 22:49:01  MASTER sx5e y2021 seed 42 (T=20, L=5, clean=True) on cuda: MASTER (base_model.py fit): stop after the first epoch whose training loss is at most train_stop_loss_thred, keep the last weights
2026-10-06 22:49:08    days: {'train': 1001, 'valid': 258, 'test': 258}
2026-10-06 22:49:19    epoch   0  train loss 1.0841  valid IC +0.0009  RankIC -0.0133  (11s)
2026-10-06 22:49:25    epoch   0  train loss 1.2328  valid IC +0.0502  RankIC +0.0281  *  (156s)
2026-10-06 22:49:30    epoch   1  train loss 1.0270  valid IC +0.0105  RankIC -0.0008  (11s)
2026-10-06 22:49:41    epoch   2  train loss 0.9968  valid IC +0.0103  RankIC -0.0024  (11s)
2026-10-06 22:49:53    epoch   3  train loss 0.9869  valid IC +0.0161  RankIC +0.0034  (12s)
2026-10-06 22:50:04    epoch   4  train loss 0.9774  valid IC +0.0182  RankIC +0.0043  (11s)
2026-10-06 22:50:15    epoch   5  train loss 0.9704  valid IC +0.0240  RankIC +0.0061  (12s)
2026-10-06 22:50:26    epoch   6  train loss 0.9661  valid IC +0.0288  RankIC +0.0118  (11s)
2026-10-06 22:50:37    epoch   7  train loss 0.9600  valid IC +0.0481  RankIC +0.0321  (11s)
2026-10-06 22:50:48    epoch   8  train loss 0.9562  valid IC +0.0308  RankIC +0.0148  (11s)
2026-10-06 22:50:59    epoch   9  train loss 0.9522  valid IC +0.0322  RankIC +0.0139  (11s)
2026-10-06 22:51:10    epoch  10  train loss 0.9449  valid IC +0.0360  RankIC +0.0166  (11s)
2026-10-06 22:51:11    kept epoch 10 of 11; test IC +0.0253 RankIC +0.0214 MSE 0.9970 (130s) -> D:\CodeProjects\master-thesis\code\results\Regression\MASTER\sx5e\sl20_pl5\seed42\y2021
2026-10-06 22:51:11  [13/75]
2026-10-06 22:51:11  MASTER sx5e y2022 seed 42 (T=20, L=5, clean=True) on cuda: MASTER (base_model.py fit): stop after the first epoch whose training loss is at most train_stop_loss_thred, keep the last weights
2026-10-06 22:51:18    days: {'train': 1001, 'valid': 258, 'test': 257}
2026-10-06 22:51:29    epoch   0  train loss 1.0895  valid IC -0.0056  RankIC -0.0025  (11s)
2026-10-06 22:51:40    epoch   1  train loss 1.0238  valid IC +0.0112  RankIC +0.0157  (11s)
2026-10-06 22:51:50    epoch   2  train loss 0.9992  valid IC +0.0269  RankIC +0.0242  (10s)
2026-10-06 22:51:53    epoch   1  train loss 0.9022  valid IC +0.0480  RankIC +0.0420  *  (148s)
2026-10-06 22:52:01    epoch   3  train loss 0.9859  valid IC +0.0259  RankIC +0.0222  (11s)
2026-10-06 22:52:12    epoch   4  train loss 0.9792  valid IC +0.0250  RankIC +0.0200  (11s)
2026-10-06 22:52:23    epoch   5  train loss 0.9697  valid IC +0.0296  RankIC +0.0239  (11s)
2026-10-06 22:52:34    epoch   6  train loss 0.9651  valid IC +0.0241  RankIC +0.0221  (11s)
2026-10-06 22:52:45    epoch   7  train loss 0.9597  valid IC +0.0233  RankIC +0.0157  (11s)
2026-10-06 22:52:56    epoch   8  train loss 0.9533  valid IC +0.0289  RankIC +0.0221  (11s)
2026-10-06 22:53:07    epoch   9  train loss 0.9487  valid IC +0.0341  RankIC +0.0276  (11s)
2026-10-06 22:53:08    kept epoch 9 of 10; test IC -0.0071 RankIC -0.0129 MSE 1.0088 (117s) -> D:\CodeProjects\master-thesis\code\results\Regression\MASTER\sx5e\sl20_pl5\seed42\y2022
2026-10-06 22:53:08  [14/75]
2026-10-06 22:53:08  MASTER sx5e y2023 seed 42 (T=20, L=5, clean=True) on cuda: MASTER (base_model.py fit): stop after the first epoch whose training loss is at most train_stop_loss_thred, keep the last weights
2026-10-06 22:53:16    days: {'train': 1004, 'valid': 257, 'test': 255}
2026-10-06 22:53:27    epoch   0  train loss 1.0938  valid IC -0.0170  RankIC -0.0249  (11s)
2026-10-06 22:53:38    epoch   1  train loss 1.0240  valid IC -0.0148  RankIC -0.0167  (11s)
2026-10-06 22:53:49    epoch   2  train loss 0.9967  valid IC -0.0157  RankIC -0.0133  (11s)
2026-10-06 22:54:00    epoch   3  train loss 0.9851  valid IC -0.0066  RankIC -0.0039  (11s)
2026-10-06 22:54:10    epoch   4  train loss 0.9748  valid IC -0.0143  RankIC -0.0109  (11s)
2026-10-06 22:54:21    epoch   5  train loss 0.9702  valid IC -0.0031  RankIC +0.0003  (11s)
2026-10-06 22:54:22    epoch   2  train loss 0.8664  valid IC +0.0207  RankIC +0.0206  (149s)
2026-10-06 22:54:32    epoch   6  train loss 0.9632  valid IC -0.0013  RankIC +0.0039  (11s)
2026-10-06 22:54:44    epoch   7  train loss 0.9572  valid IC +0.0005  RankIC +0.0053  (12s)
2026-10-06 22:54:56    epoch   8  train loss 0.9533  valid IC +0.0058  RankIC +0.0096  (12s)
2026-10-06 22:55:09    epoch   9  train loss 0.9465  valid IC -0.0004  RankIC +0.0023  (12s)
2026-10-06 22:55:09    kept epoch 9 of 10; test IC -0.0160 RankIC -0.0173 MSE 1.0024 (121s) -> D:\CodeProjects\master-thesis\code\results\Regression\MASTER\sx5e\sl20_pl5\seed42\y2023
2026-10-06 22:55:09  [15/75]
2026-10-06 22:55:09  MASTER sx5e y2024 seed 42 (T=20, L=5, clean=True) on cuda: MASTER (base_model.py fit): stop after the first epoch whose training loss is at most train_stop_loss_thred, keep the last weights
2026-10-06 22:55:17    days: {'train': 1003, 'valid': 255, 'test': 256}
2026-10-06 22:55:28    epoch   0  train loss 1.0954  valid IC -0.0091  RankIC -0.0127  (11s)
2026-10-06 22:55:39    epoch   1  train loss 1.0242  valid IC -0.0206  RankIC -0.0174  (11s)
2026-10-06 22:55:50    epoch   2  train loss 1.0046  valid IC -0.0166  RankIC -0.0204  (11s)
2026-10-06 22:56:01    epoch   3  train loss 0.9890  valid IC -0.0258  RankIC -0.0280  (11s)
